Archive member included to satisfy reference by file (symbol)

/usr/lib/gcc/arm-none-eabi/15.1.0/../../../../arm-none-eabi/lib/thumb/v7e-m+fp/hard/libc_nano.a(libc_a-atexit.o)
                              /usr/lib/gcc/arm-none-eabi/15.1.0/../../../../arm-none-eabi/lib/thumb/v7e-m+fp/hard/crt0.o (atexit)
/usr/lib/gcc/arm-none-eabi/15.1.0/../../../../arm-none-eabi/lib/thumb/v7e-m+fp/hard/libc_nano.a(libc_a-exit.o)
                              /usr/lib/gcc/arm-none-eabi/15.1.0/../../../../arm-none-eabi/lib/thumb/v7e-m+fp/hard/crt0.o (exit)
/usr/lib/gcc/arm-none-eabi/15.1.0/../../../../arm-none-eabi/lib/thumb/v7e-m+fp/hard/libc_nano.a(libc_a-findfp.o)
                              /usr/lib/gcc/arm-none-eabi/15.1.0/../../../../arm-none-eabi/lib/thumb/v7e-m+fp/hard/libc_nano.a(libc_a-exit.o) (__stdio_exit_handler)
/usr/lib/gcc/arm-none-eabi/15.1.0/../../../../arm-none-eabi/lib/thumb/v7e-m+fp/hard/libc_nano.a(libc_a-fwalk.o)
                              /usr/lib/gcc/arm-none-eabi/15.1.0/../../../../arm-none-eabi/lib/thumb/v7e-m+fp/hard/libc_nano.a(libc_a-findfp.o) (_fwalk_sglue)
/usr/lib/gcc/arm-none-eabi/15.1.0/../../../../arm-none-eabi/lib/thumb/v7e-m+fp/hard/libc_nano.a(libc_a-stdio.o)
                              /usr/lib/gcc/arm-none-eabi/15.1.0/../../../../arm-none-eabi/lib/thumb/v7e-m+fp/hard/libc_nano.a(libc_a-findfp.o) (__sread)
/usr/lib/gcc/arm-none-eabi/15.1.0/../../../../arm-none-eabi/lib/thumb/v7e-m+fp/hard/libc_nano.a(libc_a-memset.o)
                              /usr/lib/gcc/arm-none-eabi/15.1.0/../../../../arm-none-eabi/lib/thumb/v7e-m+fp/hard/crt0.o (memset)
/usr/lib/gcc/arm-none-eabi/15.1.0/../../../../arm-none-eabi/lib/thumb/v7e-m+fp/hard/libc_nano.a(libc_a-closer.o)
                              /usr/lib/gcc/arm-none-eabi/15.1.0/../../../../arm-none-eabi/lib/thumb/v7e-m+fp/hard/libc_nano.a(libc_a-stdio.o) (_close_r)
/usr/lib/gcc/arm-none-eabi/15.1.0/../../../../arm-none-eabi/lib/thumb/v7e-m+fp/hard/libc_nano.a(libc_a-reent.o)
                              /usr/lib/gcc/arm-none-eabi/15.1.0/../../../../arm-none-eabi/lib/thumb/v7e-m+fp/hard/libc_nano.a(libc_a-closer.o) (errno)
/usr/lib/gcc/arm-none-eabi/15.1.0/../../../../arm-none-eabi/lib/thumb/v7e-m+fp/hard/libc_nano.a(libc_a-impure.o)
                              /usr/lib/gcc/arm-none-eabi/15.1.0/../../../../arm-none-eabi/lib/thumb/v7e-m+fp/hard/libc_nano.a(libc_a-reent.o) (_impure_ptr)
/usr/lib/gcc/arm-none-eabi/15.1.0/../../../../arm-none-eabi/lib/thumb/v7e-m+fp/hard/libc_nano.a(libc_a-lseekr.o)
                              /usr/lib/gcc/arm-none-eabi/15.1.0/../../../../arm-none-eabi/lib/thumb/v7e-m+fp/hard/libc_nano.a(libc_a-stdio.o) (_lseek_r)
/usr/lib/gcc/arm-none-eabi/15.1.0/../../../../arm-none-eabi/lib/thumb/v7e-m+fp/hard/libc_nano.a(libc_a-readr.o)
                              /usr/lib/gcc/arm-none-eabi/15.1.0/../../../../arm-none-eabi/lib/thumb/v7e-m+fp/hard/libc_nano.a(libc_a-stdio.o) (_read_r)
/usr/lib/gcc/arm-none-eabi/15.1.0/../../../../arm-none-eabi/lib/thumb/v7e-m+fp/hard/libc_nano.a(libc_a-writer.o)
                              /usr/lib/gcc/arm-none-eabi/15.1.0/../../../../arm-none-eabi/lib/thumb/v7e-m+fp/hard/libc_nano.a(libc_a-stdio.o) (_write_r)
/usr/lib/gcc/arm-none-eabi/15.1.0/../../../../arm-none-eabi/lib/thumb/v7e-m+fp/hard/libc_nano.a(libc_a-init.o)
                              /usr/lib/gcc/arm-none-eabi/15.1.0/../../../../arm-none-eabi/lib/thumb/v7e-m+fp/hard/crt0.o (__libc_init_array)
/usr/lib/gcc/arm-none-eabi/15.1.0/../../../../arm-none-eabi/lib/thumb/v7e-m+fp/hard/libc_nano.a(libc_a-fini.o)
                              /usr/lib/gcc/arm-none-eabi/15.1.0/../../../../arm-none-eabi/lib/thumb/v7e-m+fp/hard/crt0.o (__libc_fini_array)
/usr/lib/gcc/arm-none-eabi/15.1.0/../../../../arm-none-eabi/lib/thumb/v7e-m+fp/hard/libc_nano.a(libc_a-lock.o)
                              /usr/lib/gcc/arm-none-eabi/15.1.0/../../../../arm-none-eabi/lib/thumb/v7e-m+fp/hard/libc_nano.a(libc_a-findfp.o) (__retarget_lock_init_recursive)
/usr/lib/gcc/arm-none-eabi/15.1.0/../../../../arm-none-eabi/lib/thumb/v7e-m+fp/hard/libc_nano.a(libc_a-__atexit.o)
                              /usr/lib/gcc/arm-none-eabi/15.1.0/../../../../arm-none-eabi/lib/thumb/v7e-m+fp/hard/libc_nano.a(libc_a-atexit.o) (__register_exitproc)
/usr/lib/gcc/arm-none-eabi/15.1.0/../../../../arm-none-eabi/lib/thumb/v7e-m+fp/hard/libc_nano.a(libc_a-__call_atexit.o)
                              /usr/lib/gcc/arm-none-eabi/15.1.0/../../../../arm-none-eabi/lib/thumb/v7e-m+fp/hard/libc_nano.a(libc_a-__atexit.o) (__call_exitprocs)
/usr/lib/gcc/arm-none-eabi/15.1.0/../../../../arm-none-eabi/lib/thumb/v7e-m+fp/hard/libc_nano.a(libc_a-freer.o)
                              /usr/lib/gcc/arm-none-eabi/15.1.0/../../../../arm-none-eabi/lib/thumb/v7e-m+fp/hard/libc_nano.a(libc_a-reent.o) (_free_r)
/usr/lib/gcc/arm-none-eabi/15.1.0/../../../../arm-none-eabi/lib/thumb/v7e-m+fp/hard/libc_nano.a(libc_a-mallocr.o)
[...]
Memory Configuration

Name             Origin             Length             Attributes
FLASH            0x08000000         0x00080000         xr
RAM              0x20000000         0x00018000         xrw
*default*        0x00000000         0xffffffff

Linker script and memory map

LOAD /usr/lib/gcc/arm-none-eabi/15.1.0/thumb/v7e-m+fp/hard/crti.o
LOAD /usr/lib/gcc/arm-none-eabi/15.1.0/thumb/v7e-m+fp/hard/crtbegin.o
LOAD /usr/lib/gcc/arm-none-eabi/15.1.0/../../../../arm-none-eabi/lib/thumb/v7e-m+fp/hard/crt0.o
LOAD CMakeFiles/OC_Relay.elf.dir/Src/main.c.obj
LOAD CMakeFiles/OC_Relay.elf.dir/stm32f4xx-hal-driver/Src/Legacy/stm32f4xx_hal_can.c.obj
LOAD CMakeFiles/OC_Relay.elf.dir/stm32f4xx-hal-driver/Src/Legacy/stm32f4xx_hal_eth.c.obj
LOAD CMakeFiles/OC_Relay.elf.dir/stm32f4xx-hal-driver/Src/stm32f4xx_hal.c.obj
LOAD CMakeFiles/OC_Relay.elf.dir/stm32f4xx-hal-driver/Src/stm32f4xx_hal_adc.c.obj
LOAD CMakeFiles/OC_Relay.elf.dir/stm32f4xx-hal-driver/Src/stm32f4xx_hal_adc_ex.c.obj
LOAD CMakeFiles/OC_Relay.elf.dir/stm32f4xx-hal-driver/Src/stm32f4xx_hal_can.c.obj
LOAD CMakeFiles/OC_Relay.elf.dir/stm32f4xx-hal-driver/Src/stm32f4xx_hal_cec.c.obj
LOAD CMakeFiles/OC_Relay.elf.dir/stm32f4xx-hal-driver/Src/stm32f4xx_hal_cortex.c.obj
LOAD CMakeFiles/OC_Relay.elf.dir/stm32f4xx-hal-driver/Src/stm32f4xx_hal_crc.c.obj
LOAD CMakeFiles/OC_Relay.elf.dir/stm32f4xx-hal-driver/Src/stm32f4xx_hal_cryp.c.obj
LOAD CMakeFiles/OC_Relay.elf.dir/stm32f4xx-hal-driver/Src/stm32f4xx_hal_cryp_ex.c.obj
LOAD CMakeFiles/OC_Relay.elf.dir/stm32f4xx-hal-driver/Src/stm32f4xx_hal_dac.c.obj
LOAD CMakeFiles/OC_Relay.elf.dir/stm32f4xx-hal-driver/Src/stm32f4xx_hal_dac_ex.c.obj
LOAD CMakeFiles/OC_Relay.elf.dir/stm32f4xx-hal-driver/Src/stm32f4xx_hal_dcmi.c.obj
LOAD CMakeFiles/OC_Relay.elf.dir/stm32f4xx-hal-driver/Src/stm32f4xx_hal_dcmi_ex.c.obj
LOAD CMakeFiles/OC_Relay.elf.dir/stm32f4xx-hal-driver/Src/stm32f4xx_hal_dfsdm.c.obj
LOAD CMakeFiles/OC_Relay.elf.dir/stm32f4xx-hal-driver/Src/stm32f4xx_hal_dma.c.obj
LOAD CMakeFiles/OC_Relay.elf.dir/stm32f4xx-hal-driver/Src/stm32f4xx_hal_dma2d.c.obj
LOAD CMakeFiles/OC_Relay.elf.dir/stm32f4xx-hal-driver/Src/stm32f4xx_hal_dma_ex.c.obj
LOAD CMakeFiles/OC_Relay.elf.dir/stm32f4xx-hal-driver/Src/stm32f4xx_hal_dsi.c.obj
LOAD CMakeFiles/OC_Relay.elf.dir/stm32f4xx-hal-driver/Src/stm32f4xx_hal_eth.c.obj
LOAD CMakeFiles/OC_Relay.elf.dir/stm32f4xx-hal-driver/Src/stm32f4xx_hal_exti.c.obj
LOAD CMakeFiles/OC_Relay.elf.dir/stm32f4xx-hal-driver/Src/stm32f4xx_hal_flash.c.obj
LOAD CMakeFiles/OC_Relay.elf.dir/stm32f4xx-hal-driver/Src/stm32f4xx_hal_flash_ex.c.obj
LOAD CMakeFiles/OC_Relay.elf.dir/stm32f4xx-hal-driver/Src/stm32f4xx_hal_flash_ramfunc.c.obj
LOAD CMakeFiles/OC_Relay.elf.dir/stm32f4xx-hal-driver/Src/stm32f4xx_hal_fmpi2c.c.obj
LOAD CMakeFiles/OC_Relay.elf.dir/stm32f4xx-hal-driver/Src/stm32f4xx_hal_fmpi2c_ex.c.obj
LOAD CMakeFiles/OC_Relay.elf.dir/stm32f4xx-hal-driver/Src/stm32f4xx_hal_fmpsmbus.c.obj
LOAD CMakeFiles/OC_Relay.elf.dir/stm32f4xx-hal-driver/Src/stm32f4xx_hal_fmpsmbus_ex.c.obj
LOAD CMakeFiles/OC_Relay.elf.dir/stm32f4xx-hal-driver/Src/stm32f4xx_hal_gpio.c.obj
LOAD CMakeFiles/OC_Relay.elf.dir/stm32f4xx-hal-driver/Src/stm32f4xx_hal_hash.c.obj
LOAD CMakeFiles/OC_Relay.elf.dir/stm32f4xx-hal-driver/Src/stm32f4xx_hal_hash_ex.c.obj
LOAD CMakeFiles/OC_Relay.elf.dir/stm32f4xx-hal-driver/Src/stm32f4xx_hal_hcd.c.obj
LOAD CMakeFiles/OC_Relay.elf.dir/stm32f4xx-hal-driver/Src/stm32f4xx_hal_i2c.c.obj
LOAD CMakeFiles/OC_Relay.elf.dir/stm32f4xx-hal-driver/Src/stm32f4xx_hal_i2c_ex.c.obj
LOAD CMakeFiles/OC_Relay.elf.dir/stm32f4xx-hal-driver/Src/stm32f4xx_hal_i2s.c.obj
LOAD CMakeFiles/OC_Relay.elf.dir/stm32f4xx-hal-driver/Src/stm32f4xx_hal_i2s_ex.c.obj
LOAD CMakeFiles/OC_Relay.elf.dir/stm32f4xx-hal-driver/Src/stm32f4xx_hal_irda.c.obj
LOAD CMakeFiles/OC_Relay.elf.dir/stm32f4xx-hal-driver/Src/stm32f4xx_hal_iwdg.c.obj
LOAD CMakeFiles/OC_Relay.elf.dir/stm32f4xx-hal-driver/Src/stm32f4xx_hal_lptim.c.obj
LOAD CMakeFiles/OC_Relay.elf.dir/stm32f4xx-hal-driver/Src/stm32f4xx_hal_ltdc.c.obj
LOAD CMakeFiles/OC_Relay.elf.dir/stm32f4xx-hal-driver/Src/stm32f4xx_hal_ltdc_ex.c.obj
LOAD CMakeFiles/OC_Relay.elf.dir/stm32f4xx-hal-driver/Src/stm32f4xx_hal_mmc.c.obj
LOAD CMakeFiles/OC_Relay.elf.dir/stm32f4xx-hal-driver/Src/stm32f4xx_hal_nand.c.obj
LOAD CMakeFiles/OC_Relay.elf.dir/stm32f4xx-hal-driver/Src/stm32f4xx_hal_nor.c.obj
LOAD CMakeFiles/OC_Relay.elf.dir/stm32f4xx-hal-driver/Src/stm32f4xx_hal_pccard.c.obj
LOAD CMakeFiles/OC_Relay.elf.dir/stm32f4xx-hal-driver/Src/stm32f4xx_hal_pcd.c.obj
LOAD CMakeFiles/OC_Relay.elf.dir/stm32f4xx-hal-driver/Src/stm32f4xx_hal_pcd_ex.c.obj
LOAD CMakeFiles/OC_Relay.elf.dir/stm32f4xx-hal-driver/Src/stm32f4xx_hal_pwr.c.obj
LOAD CMakeFiles/OC_Relay.elf.dir/stm32f4xx-hal-driver/Src/stm32f4xx_hal_pwr_ex.c.obj
LOAD CMakeFiles/OC_Relay.elf.dir/stm32f4xx-hal-driver/Src/stm32f4xx_hal_qspi.c.obj
LOAD CMakeFiles/OC_Relay.elf.dir/stm32f4xx-hal-driver/Src/stm32f4xx_hal_rcc.c.obj
LOAD CMakeFiles/OC_Relay.elf.dir/stm32f4xx-hal-driver/Src/stm32f4xx_hal_rcc_ex.c.obj
LOAD CMakeFiles/OC_Relay.elf.dir/stm32f4xx-hal-driver/Src/stm32f4xx_hal_rng.c.obj
LOAD CMakeFiles/OC_Relay.elf.dir/stm32f4xx-hal-driver/Src/stm32f4xx_hal_rtc.c.obj
LOAD CMakeFiles/OC_Relay.elf.dir/stm32f4xx-hal-driver/Src/stm32f4xx_hal_rtc_ex.c.obj
LOAD CMakeFiles/OC_Relay.elf.dir/stm32f4xx-hal-driver/Src/stm32f4xx_hal_sai.c.obj
LOAD CMakeFiles/OC_Relay.elf.dir/stm32f4xx-hal-driver/Src/stm32f4xx_hal_sai_ex.c.obj
LOAD CMakeFiles/OC_Relay.elf.dir/stm32f4xx-hal-driver/Src/stm32f4xx_hal_sd.c.obj
LOAD CMakeFiles/OC_Relay.elf.dir/stm32f4xx-hal-driver/Src/stm32f4xx_hal_sdram.c.obj
LOAD CMakeFiles/OC_Relay.elf.dir/stm32f4xx-hal-driver/Src/stm32f4xx_hal_smartcard.c.obj
LOAD CMakeFiles/OC_Relay.elf.dir/stm32f4xx-hal-driver/Src/stm32f4xx_hal_smbus.c.obj
LOAD CMakeFiles/OC_Relay.elf.dir/stm32f4xx-hal-driver/Src/stm32f4xx_hal_spdifrx.c.obj
LOAD CMakeFiles/OC_Relay.elf.dir/stm32f4xx-hal-driver/Src/stm32f4xx_hal_spi.c.obj
LOAD CMakeFiles/OC_Relay.elf.dir/stm32f4xx-hal-driver/Src/stm32f4xx_hal_sram.c.obj
LOAD CMakeFiles/OC_Relay.elf.dir/stm32f4xx-hal-driver/Src/stm32f4xx_hal_tim.c.obj
LOAD CMakeFiles/OC_Relay.elf.dir/stm32f4xx-hal-driver/Src/stm32f4xx_hal_tim_ex.c.obj
LOAD CMakeFiles/OC_Relay.elf.dir/stm32f4xx-hal-driver/Src/stm32f4xx_hal_uart.c.obj
LOAD CMakeFiles/OC_Relay.elf.dir/stm32f4xx-hal-driver/Src/stm32f4xx_hal_usart.c.obj
LOAD CMakeFiles/OC_Relay.elf.dir/stm32f4xx-hal-driver/Src/stm32f4xx_hal_wwdg.c.obj
LOAD CMakeFiles/OC_Relay.elf.dir/stm32f4xx-hal-driver/Src/stm32f4xx_ll_adc.c.obj
LOAD CMakeFiles/OC_Relay.elf.dir/stm32f4xx-hal-driver/Src/stm32f4xx_ll_crc.c.obj
LOAD CMakeFiles/OC_Relay.elf.dir/stm32f4xx-hal-driver/Src/stm32f4xx_ll_dac.c.obj
LOAD CMakeFiles/OC_Relay.elf.dir/stm32f4xx-hal-driver/Src/stm32f4xx_ll_dma.c.obj
LOAD CMakeFiles/OC_Relay.elf.dir/stm32f4xx-hal-driver/Src/stm32f4xx_ll_dma2d.c.obj
LOAD CMakeFiles/OC_Relay.elf.dir/stm32f4xx-hal-driver/Src/stm32f4xx_ll_exti.c.obj
LOAD CMakeFiles/OC_Relay.elf.dir/stm32f4xx-hal-driver/Src/stm32f4xx_ll_fmc.c.obj
LOAD CMakeFiles/OC_Relay.elf.dir/stm32f4xx-hal-driver/Src/stm32f4xx_ll_fmpi2c.c.obj
LOAD CMakeFiles/OC_Relay.elf.dir/stm32f4xx-hal-driver/Src/stm32f4xx_ll_fsmc.c.obj
LOAD CMakeFiles/OC_Relay.elf.dir/stm32f4xx-hal-driver/Src/stm32f4xx_ll_gpio.c.obj
LOAD CMakeFiles/OC_Relay.elf.dir/stm32f4xx-hal-driver/Src/stm32f4xx_ll_i2c.c.obj
LOAD CMakeFiles/OC_Relay.elf.dir/stm32f4xx-hal-driver/Src/stm32f4xx_ll_lptim.c.obj
LOAD CMakeFiles/OC_Relay.elf.dir/stm32f4xx-hal-driver/Src/stm32f4xx_ll_pwr.c.obj
LOAD CMakeFiles/OC_Relay.elf.dir/stm32f4xx-hal-driver/Src/stm32f4xx_ll_rcc.c.obj
LOAD CMakeFiles/OC_Relay.elf.dir/stm32f4xx-hal-driver/Src/stm32f4xx_ll_rng.c.obj
LOAD CMakeFiles/OC_Relay.elf.dir/stm32f4xx-hal-driver/Src/stm32f4xx_ll_rtc.c.obj
LOAD CMakeFiles/OC_Relay.elf.dir/stm32f4xx-hal-driver/Src/stm32f4xx_ll_sdmmc.c.obj
LOAD CMakeFiles/OC_Relay.elf.dir/stm32f4xx-hal-driver/Src/stm32f4xx_ll_spi.c.obj
LOAD CMakeFiles/OC_Relay.elf.dir/stm32f4xx-hal-driver/Src/stm32f4xx_ll_tim.c.obj
LOAD CMakeFiles/OC_Relay.elf.dir/stm32f4xx-hal-driver/Src/stm32f4xx_ll_usart.c.obj
LOAD CMakeFiles/OC_Relay.elf.dir/stm32f4xx-hal-driver/Src/stm32f4xx_ll_usb.c.obj
LOAD CMakeFiles/OC_Relay.elf.dir/stm32f4xx-hal-driver/Src/stm32f4xx_ll_utils.c.obj
LOAD CMakeFiles/OC_Relay.elf.dir/cmsis_device_f4/Source/Templates/system_stm32f4xx.c.obj
LOAD CMakeFiles/OC_Relay.elf.dir/cmsis_device_f4/Source/Templates/gcc/startup_stm32f401xe.s.obj
LOAD /usr/lib/gcc/arm-none-eabi/15.1.0/../../../../arm-none-eabi/lib/thumb/v7e-m+fp/hard/libc_nano.a
LOAD /usr/lib/gcc/arm-none-eabi/15.1.0/../../../../arm-none-eabi/lib/thumb/v7e-m+fp/hard/libm.a
LOAD /usr/lib/gcc/arm-none-eabi/15.1.0/../../../../arm-none-eabi/lib/thumb/v7e-m+fp/hard/libnosys.a
START GROUP
LOAD /usr/lib/gcc/arm-none-eabi/15.1.0/thumb/v7e-m+fp/hard/libgcc.a
LOAD /usr/lib/gcc/arm-none-eabi/15.1.0/../../../../arm-none-eabi/lib/thumb/v7e-m+fp/hard/libc_nano.a
END GROUP
START GROUP
LOAD /usr/lib/gcc/arm-none-eabi/15.1.0/thumb/v7e-m+fp/hard/libgcc.a
LOAD /usr/lib/gcc/arm-none-eabi/15.1.0/../../../../arm-none-eabi/lib/thumb/v7e-m+fp/hard/libc_nano.a
LOAD /usr/lib/gcc/arm-none-eabi/15.1.0/../../../../arm-none-eabi/lib/thumb/v7e-m+fp/hard/libnosys.a
END GROUP
START GROUP
LOAD /usr/lib/gcc/arm-none-eabi/15.1.0/thumb/v7e-m+fp/hard/libgcc.a
LOAD /usr/lib/gcc/arm-none-eabi/15.1.0/../../../../arm-none-eabi/lib/thumb/v7e-m+fp/hard/libc_nano.a
LOAD /usr/lib/gcc/arm-none-eabi/15.1.0/../../../../arm-none-eabi/lib/thumb/v7e-m+fp/hard/libnosys.a
END GROUP
LOAD /usr/lib/gcc/arm-none-eabi/15.1.0/thumb/v7e-m+fp/hard/crtend.o
LOAD /usr/lib/gcc/arm-none-eabi/15.1.0/thumb/v7e-m+fp/hard/crtn.o
                0x20018000                        _estack = (ORIGIN (RAM) + LENGTH (RAM))
                0x00000200                        _Min_Heap_Size = 0x200
                0x00000400                        _Min_Stack_Size = 0x400

.isr_vector     0x08000000      0x194
                0x08000000                        . = ALIGN (0x4)
 *(.isr_vector)
 .isr_vector    0x08000000      0x194 CMakeFiles/OC_Relay.elf.dir/cmsis_device_f4/Source/Templates/gcc/startup_stm32f401xe.s.obj
                0x08000000                g_pfnVectors
                0x08000194                        . = ALIGN (0x4)

.text           0x08000198     0x532c
                0x08000198                        . = ALIGN (0x4)
 *(.text)
 .text          0x08000198       0x88 /usr/lib/gcc/arm-none-eabi/15.1.0/thumb/v7e-m+fp/hard/crtbegin.o
 .text          0x08000220      0x378 /usr/lib/gcc/arm-none-eabi/15.1.0/thumb/v7e-m+fp/hard/libgcc.a(_arm_addsubdf3.o)
                0x08000220                __aeabi_drsub
                0x08000228                __aeabi_dsub
                0x08000228                __subdf3
                0x0800022c                __adddf3
                0x0800022c                __aeabi_dadd
                0x080004a4                __aeabi_ui2d
                0x080004a4                __floatunsidf
                0x080004c4                __floatsidf
                0x080004c4                __aeabi_i2d
                0x080004e8                __extendsfdf2
                0x080004e8                __aeabi_f2d
                0x0800052c                __aeabi_ul2d
                0x0800052c                __floatundidf
                0x0800053c                __floatdidf
                0x0800053c                __aeabi_l2d
 .text          0x08000598      0x424 /usr/lib/gcc/arm-none-eabi/15.1.0/thumb/v7e-m+fp/hard/libgcc.a(_arm_muldivdf3.o)
                0x08000598                __aeabi_dmul
                0x08000598                __muldf3
                0x080007ec                __aeabi_ddiv
                0x080007ec                __divdf3
 .text          0x080009bc      0x110 /usr/lib/gcc/arm-none-eabi/15.1.0/thumb/v7e-m+fp/hard/libgcc.a(_arm_cmpdf2.o)
                0x080009bc                __gtdf2
                0x080009bc                __gedf2
                0x080009c4                __ltdf2
                0x080009c4                __ledf2
                0x080009cc                __cmpdf2
                0x080009cc                __eqdf2
                0x080009cc                __nedf2
                0x08000a48                __aeabi_cdrcmple
                0x08000a58                __aeabi_cdcmple
                0x08000a58                __aeabi_cdcmpeq
                0x08000a68                __aeabi_dcmpeq
                0x08000a7c                __aeabi_dcmplt
                0x08000a90                __aeabi_dcmple
                0x08000aa4                __aeabi_dcmpge
                0x08000ab8                __aeabi_dcmpgt
 .text          0x08000acc       0x2c /usr/lib/gcc/arm-none-eabi/15.1.0/thumb/v7e-m+fp/hard/libgcc.a(_arm_unorddf2.o)
                0x08000acc                __aeabi_dcmpun
                0x08000acc                __unorddf2
 .text          0x08000af8       0x50 /usr/lib/gcc/arm-none-eabi/15.1.0/thumb/v7e-m+fp/hard/libgcc.a(_arm_fixdfsi.o)
                0x08000af8                __fixdfsi
                0x08000af8                __aeabi_d2iz
 .text          0x08000b48       0xa0 /usr/lib/gcc/arm-none-eabi/15.1.0/thumb/v7e-m+fp/hard/libgcc.a(_arm_truncdfsf2.o)
                0x08000b48                __aeabi_d2f
                0x08000b48                __truncdfsf2
 *(.text*)
 .text.main     0x08000be8      0x39c CMakeFiles/OC_Relay.elf.dir/Src/main.c.obj
                0x08000be8                main
 *fill*         0x08000f84        0x4 
 .text.getFiltered
                0x08000f88      0x120 CMakeFiles/OC_Relay.elf.dir/Src/main.c.obj
                0x08000f88                getFiltered
 .text.getRMSquared
                0x080010a8       0x7c CMakeFiles/OC_Relay.elf.dir/Src/main.c.obj
                0x080010a8                getRMSquared
 .text.quickTrip
                0x08001124       0x18 CMakeFiles/OC_Relay.elf.dir/Src/main.c.obj
                0x08001124                quickTrip
 *fill*         0x0800113c        0x4 
 .text.getTime  0x08001140      0x1a0 CMakeFiles/OC_Relay.elf.dir/Src/main.c.obj
                0x08001140                getTime
 .text.buildProgress
                0x080012e0       0xc4 CMakeFiles/OC_Relay.elf.dir/Src/main.c.obj
                0x080012e0                buildProgress
 *fill*         0x080013a4        0x4 
 .text.setupTrig
                0x080013a8       0xa0 CMakeFiles/OC_Relay.elf.dir/Src/main.c.obj
                0x080013a8                setupTrig
 .text.TableSetup
                0x08001448      0x2cc CMakeFiles/OC_Relay.elf.dir/Src/main.c.obj
                0x08001448                TableSetup
 .text.relay_init
                0x08001714       0x3c CMakeFiles/OC_Relay.elf.dir/Src/main.c.obj
                0x08001714                relay_init
 .text.timer_init
                0x08001750       0x7c CMakeFiles/OC_Relay.elf.dir/Src/main.c.obj
                0x08001750                timer_init
 .text.pll_init
                0x080017cc       0xe0 CMakeFiles/OC_Relay.elf.dir/Src/main.c.obj
                0x080017cc                pll_init
 .text.adc_init
                0x080018ac      0x144 CMakeFiles/OC_Relay.elf.dir/Src/main.c.obj
                0x080018ac                adc_init
 .text.HAL_Init
                0x080019f0       0x44 CMakeFiles/OC_Relay.elf.dir/stm32f4xx-hal-driver/Src/stm32f4xx_hal.c.obj
                0x080019f0                HAL_Init
 .text.HAL_MspInit
                0x08001a34        0xc CMakeFiles/OC_Relay.elf.dir/stm32f4xx-hal-driver/Src/stm32f4xx_hal.c.obj
                0x08001a34                HAL_MspInit
 .text.HAL_InitTick
                0x08001a40       0x60 CMakeFiles/OC_Relay.elf.dir/stm32f4xx-hal-driver/Src/stm32f4xx_hal.c.obj
                0x08001a40                HAL_InitTick
 .text.HAL_ADC_Init
                0x08001aa0       0x86 CMakeFiles/OC_Relay.elf.dir/stm32f4xx-hal-driver/Src/stm32f4xx_hal_adc.c.obj
                0x08001aa0                HAL_ADC_Init
 .text.HAL_ADC_MspInit
                0x08001b26       0x12 CMakeFiles/OC_Relay.elf.dir/stm32f4xx-hal-driver/Src/stm32f4xx_hal_adc.c.obj
                0x08001b26                HAL_ADC_MspInit
 .text.HAL_ADC_Start_IT
                0x08001b38      0x178 CMakeFiles/OC_Relay.elf.dir/stm32f4xx-hal-driver/Src/stm32f4xx_hal_adc.c.obj
                0x08001b38                HAL_ADC_Start_IT
 .text.HAL_ADC_ConfigChannel
                0x08001cb0      0x248 CMakeFiles/OC_Relay.elf.dir/stm32f4xx-hal-driver/Src/stm32f4xx_hal_adc.c.obj
                0x08001cb0                HAL_ADC_ConfigChannel
 .text.ADC_Init
                0x08001ef8      0x1f8 CMakeFiles/OC_Relay.elf.dir/stm32f4xx-hal-driver/Src/stm32f4xx_hal_adc.c.obj
 .text.__NVIC_SetPriorityGrouping
                0x080020f0       0x48 CMakeFiles/OC_Relay.elf.dir/stm32f4xx-hal-driver/Src/stm32f4xx_hal_cortex.c.obj
 .text.__NVIC_GetPriorityGrouping
                0x08002138       0x1c CMakeFiles/OC_Relay.elf.dir/stm32f4xx-hal-driver/Src/stm32f4xx_hal_cortex.c.obj
 .text.__NVIC_EnableIRQ
                0x08002154       0x38 CMakeFiles/OC_Relay.elf.dir/stm32f4xx-hal-driver/Src/stm32f4xx_hal_cortex.c.obj
 .text.__NVIC_SetPriority
                0x0800218c       0x54 CMakeFiles/OC_Relay.elf.dir/stm32f4xx-hal-driver/Src/stm32f4xx_hal_cortex.c.obj
 .text.NVIC_EncodePriority
                0x080021e0       0x6e CMakeFiles/OC_Relay.elf.dir/stm32f4xx-hal-driver/Src/stm32f4xx_hal_cortex.c.obj
 *fill*         0x0800224e        0x2 
 .text.SysTick_Config
                0x08002250       0x44 CMakeFiles/OC_Relay.elf.dir/stm32f4xx-hal-driver/Src/stm32f4xx_hal_cortex.c.obj
 .text.HAL_NVIC_SetPriorityGrouping
                0x08002294       0x16 CMakeFiles/OC_Relay.elf.dir/stm32f4xx-hal-driver/Src/stm32f4xx_hal_cortex.c.obj
                0x08002294                HAL_NVIC_SetPriorityGrouping
 .text.HAL_NVIC_SetPriority
                0x080022aa       0x38 CMakeFiles/OC_Relay.elf.dir/stm32f4xx-hal-driver/Src/stm32f4xx_hal_cortex.c.obj
                0x080022aa                HAL_NVIC_SetPriority
 .text.HAL_NVIC_EnableIRQ
                0x080022e2       0x1c CMakeFiles/OC_Relay.elf.dir/stm32f4xx-hal-driver/Src/stm32f4xx_hal_cortex.c.obj
                0x080022e2                HAL_NVIC_EnableIRQ
 .text.HAL_SYSTICK_Config
                0x080022fe       0x18 CMakeFiles/OC_Relay.elf.dir/stm32f4xx-hal-driver/Src/stm32f4xx_hal_cortex.c.obj
                0x080022fe                HAL_SYSTICK_Config
 *fill*         0x08002316        0x2 
 .text.HAL_GPIO_Init
                0x08002318      0x304 CMakeFiles/OC_Relay.elf.dir/stm32f4xx-hal-driver/Src/stm32f4xx_hal_gpio.c.obj
                0x08002318                HAL_GPIO_Init
 .text.HAL_GPIO_WritePin
                0x0800261c       0x30 CMakeFiles/OC_Relay.elf.dir/stm32f4xx-hal-driver/Src/stm32f4xx_hal_gpio.c.obj
                0x0800261c                HAL_GPIO_WritePin
 .text.HAL_TIM_Base_Init
                0x0800264c       0x9e CMakeFiles/OC_Relay.elf.dir/stm32f4xx-hal-driver/Src/stm32f4xx_hal_tim.c.obj
                0x0800264c                HAL_TIM_Base_Init
 .text.HAL_TIM_Base_MspInit
                0x080026ea       0x12 CMakeFiles/OC_Relay.elf.dir/stm32f4xx-hal-driver/Src/stm32f4xx_hal_tim.c.obj
                0x080026ea                HAL_TIM_Base_MspInit
 .text.HAL_TIM_Base_Start
                0x080026fc       0xb0 CMakeFiles/OC_Relay.elf.dir/stm32f4xx-hal-driver/Src/stm32f4xx_hal_tim.c.obj
                0x080026fc                HAL_TIM_Base_Start
 .text.HAL_TIM_IC_Start_IT
                0x080027ac      0x214 CMakeFiles/OC_Relay.elf.dir/stm32f4xx-hal-driver/Src/stm32f4xx_hal_tim.c.obj
                0x080027ac                HAL_TIM_IC_Start_IT
 .text.HAL_TIM_IC_ConfigChannel
                0x080029c0      0x138 CMakeFiles/OC_Relay.elf.dir/stm32f4xx-hal-driver/Src/stm32f4xx_hal_tim.c.obj
                0x080029c0                HAL_TIM_IC_ConfigChannel
 .text.TIM_Base_SetConfig
                0x08002af8      0x108 CMakeFiles/OC_Relay.elf.dir/stm32f4xx-hal-driver/Src/stm32f4xx_hal_tim.c.obj
                0x08002af8                TIM_Base_SetConfig
 .text.TIM_TI1_SetConfig
                0x08002c00       0xe0 CMakeFiles/OC_Relay.elf.dir/stm32f4xx-hal-driver/Src/stm32f4xx_hal_tim.c.obj
                0x08002c00                TIM_TI1_SetConfig
 .text.TIM_TI2_SetConfig
                0x08002ce0       0x90 CMakeFiles/OC_Relay.elf.dir/stm32f4xx-hal-driver/Src/stm32f4xx_hal_tim.c.obj
 .text.TIM_TI3_SetConfig
                0x08002d70       0x90 CMakeFiles/OC_Relay.elf.dir/stm32f4xx-hal-driver/Src/stm32f4xx_hal_tim.c.obj
 .text.TIM_TI4_SetConfig
                0x08002e00       0x78 CMakeFiles/OC_Relay.elf.dir/stm32f4xx-hal-driver/Src/stm32f4xx_hal_tim.c.obj
 .text.TIM_CCxChannelCmd
                0x08002e78       0x48 CMakeFiles/OC_Relay.elf.dir/stm32f4xx-hal-driver/Src/stm32f4xx_hal_tim.c.obj
                0x08002e78                TIM_CCxChannelCmd
 .text.HAL_TIMEx_MasterConfigSynchronization
                0x08002ec0       0xd8 CMakeFiles/OC_Relay.elf.dir/stm32f4xx-hal-driver/Src/stm32f4xx_hal_tim_ex.c.obj
                0x08002ec0                HAL_TIMEx_MasterConfigSynchronization
 .text.SystemInit
                0x08002f98       0x20 CMakeFiles/OC_Relay.elf.dir/cmsis_device_f4/Source/Templates/system_stm32f4xx.c.obj
                0x08002f98                SystemInit
 .text.Reset_Handler
                0x08002fb8       0x50 CMakeFiles/OC_Relay.elf.dir/cmsis_device_f4/Source/Templates/gcc/startup_stm32f401xe.s.obj
                0x08002fb8                Reset_Handler
 .text.Default_Handler
                0x08003008        0x2 CMakeFiles/OC_Relay.elf.dir/cmsis_device_f4/Source/Templates/gcc/startup_stm32f401xe.s.obj
                0x08003008                RTC_Alarm_IRQHandler
                0x08003008                EXTI2_IRQHandler
                0x08003008                DebugMon_Handler
                0x08003008                SPI4_IRQHandler
                0x08003008                TIM1_CC_IRQHandler
                0x08003008                DMA2_Stream5_IRQHandler
                0x08003008                HardFault_Handler
                0x08003008                DMA1_Stream5_IRQHandler
                0x08003008                SysTick_Handler
                0x08003008                PVD_IRQHandler
                0x08003008                SDIO_IRQHandler
                0x08003008                TAMP_STAMP_IRQHandler
                0x08003008                PendSV_Handler
                0x08003008                NMI_Handler
                0x08003008                EXTI3_IRQHandler
                0x08003008                TIM1_UP_TIM10_IRQHandler
                0x08003008                I2C3_ER_IRQHandler
                0x08003008                EXTI0_IRQHandler
                0x08003008                I2C2_EV_IRQHandler
                0x08003008                DMA1_Stream2_IRQHandler
                0x08003008                FPU_IRQHandler
                0x08003008                UsageFault_Handler
                0x08003008                DMA2_Stream2_IRQHandler
                0x08003008                SPI1_IRQHandler
                0x08003008                TIM1_BRK_TIM9_IRQHandler
                0x08003008                DMA2_Stream3_IRQHandler
                0x08003008                USART6_IRQHandler
                0x08003008                DMA2_Stream0_IRQHandler
                0x08003008                TIM4_IRQHandler
                0x08003008                I2C1_EV_IRQHandler
                0x08003008                DMA1_Stream6_IRQHandler
                0x08003008                DMA1_Stream1_IRQHandler
                0x08003008                TIM3_IRQHandler
                0x08003008                RCC_IRQHandler
                0x08003008                Default_Handler
                0x08003008                EXTI15_10_IRQHandler
                0x08003008                ADC_IRQHandler
                0x08003008                DMA1_Stream7_IRQHandler
                0x08003008                TIM5_IRQHandler
                0x08003008                DMA2_Stream7_IRQHandler
                0x08003008                I2C3_EV_IRQHandler
                0x08003008                EXTI9_5_IRQHandler
                0x08003008                RTC_WKUP_IRQHandler
                0x08003008                SPI2_IRQHandler
                0x08003008                MemManage_Handler
                0x08003008                DMA1_Stream0_IRQHandler
                0x08003008                SVC_Handler
                0x08003008                EXTI4_IRQHandler
                0x08003008                WWDG_IRQHandler
                0x08003008                TIM2_IRQHandler
                0x08003008                OTG_FS_WKUP_IRQHandler
                0x08003008                TIM1_TRG_COM_TIM11_IRQHandler
                0x08003008                EXTI1_IRQHandler
                0x08003008                USART2_IRQHandler
                0x08003008                I2C2_ER_IRQHandler
                0x08003008                DMA2_Stream1_IRQHandler
                0x08003008                FLASH_IRQHandler
                0x08003008                DMA2_Stream4_IRQHandler
                0x08003008                BusFault_Handler
                0x08003008                USART1_IRQHandler
                0x08003008                OTG_FS_IRQHandler
                0x08003008                SPI3_IRQHandler
                0x08003008                DMA1_Stream4_IRQHandler
                0x08003008                I2C1_ER_IRQHandler
                0x08003008                DMA2_Stream6_IRQHandler
                0x08003008                DMA1_Stream3_IRQHandler
 *fill*         0x0800300a        0x2 
 .text.__libc_init_array
                0x0800300c       0x48 /usr/lib/gcc/arm-none-eabi/15.1.0/../../../../arm-none-eabi/lib/thumb/v7e-m+fp/hard/libc_nano.a(libc_a-init.o)
                0x0800300c                __libc_init_array
 *fill*         0x08003054        0x4 
 .text.pow      0x08003058       0xf0 /usr/lib/gcc/arm-none-eabi/15.1.0/../../../../arm-none-eabi/lib/thumb/v7e-m+fp/hard/libm.a(libm_a-w_pow.o)
                0x08003058                pow
 .text.sqrt     0x08003148       0x68 /usr/lib/gcc/arm-none-eabi/15.1.0/../../../../arm-none-eabi/lib/thumb/v7e-m+fp/hard/libm.a(libm_a-w_sqrt.o)
                0x08003148                sqrt
 .text.cos      0x080031b0       0x88 /usr/lib/gcc/arm-none-eabi/15.1.0/../../../../arm-none-eabi/lib/thumb/v7e-m+fp/hard/libm.a(libm_a-s_cos.o)
                0x080031b0                cos
 .text.sin      0x08003238       0x90 /usr/lib/gcc/arm-none-eabi/15.1.0/../../../../arm-none-eabi/lib/thumb/v7e-m+fp/hard/libm.a(libm_a-s_sin.o)
                0x08003238                sin
 .text.finite   0x080032c8       0x18 /usr/lib/gcc/arm-none-eabi/15.1.0/../../../../arm-none-eabi/lib/thumb/v7e-m+fp/hard/libm.a(libm_a-s_finite.o)
                0x080032c8                finite
 .text.__ieee754_sqrt
                0x080032e0      0x1f0 /usr/lib/gcc/arm-none-eabi/15.1.0/../../../../arm-none-eabi/lib/thumb/v7e-m+fp/hard/libm.a(libm_a-e_sqrt.o)
                0x080032e0                __ieee754_sqrt
 .text.__kernel_cos
                0x080034d0      0x26c /usr/lib/gcc/arm-none-eabi/15.1.0/../../../../arm-none-eabi/lib/thumb/v7e-m+fp/hard/libm.a(libm_a-k_cos.o)
                0x080034d0                __kernel_cos
 *fill*         0x0800373c        0x4 
 .text.__kernel_sin
                0x08003740      0x184 /usr/lib/gcc/arm-none-eabi/15.1.0/../../../../arm-none-eabi/lib/thumb/v7e-m+fp/hard/libm.a(libm_a-k_sin.o)
                0x08003740                __kernel_sin
 *fill*         0x080038c4        0x4 
 .text.__ieee754_pow
                0x080038c8      0xc7c /usr/lib/gcc/arm-none-eabi/15.1.0/../../../../arm-none-eabi/lib/thumb/v7e-m+fp/hard/libm.a(libm_a-e_pow.o)
                0x080038c8                __ieee754_pow
 *fill*         0x08004544        0x4 
 .text.__ieee754_rem_pio2
                0x08004548      0x424 /usr/lib/gcc/arm-none-eabi/15.1.0/../../../../arm-none-eabi/lib/thumb/v7e-m+fp/hard/libm.a(libm_a-e_rem_pio2.o)
                0x08004548                __ieee754_rem_pio2
 .text.fabs     0x0800496c       0x10 /usr/lib/gcc/arm-none-eabi/15.1.0/../../../../arm-none-eabi/lib/thumb/v7e-m+fp/hard/libm.a(libm_a-s_fabs.o)
                0x0800496c                fabs
 *fill*         0x0800497c        0x4 
 .text.scalbn   0x08004980      0x114 /usr/lib/gcc/arm-none-eabi/15.1.0/../../../../arm-none-eabi/lib/thumb/v7e-m+fp/hard/libm.a(libm_a-s_scalbn.o)
                0x08004980                scalbn
 .text.with_errno
                0x08004a94       0x24 /usr/lib/gcc/arm-none-eabi/15.1.0/../../../../arm-none-eabi/lib/thumb/v7e-m+fp/hard/libm.a(libm_a-math_err.o)
 .text.xflow    0x08004ab8       0x34 /usr/lib/gcc/arm-none-eabi/15.1.0/../../../../arm-none-eabi/lib/thumb/v7e-m+fp/hard/libm.a(libm_a-math_err.o)
 *fill*         0x08004aec        0x4 
 .text.__math_uflow
                0x08004af0       0x10 /usr/lib/gcc/arm-none-eabi/15.1.0/../../../../arm-none-eabi/lib/thumb/v7e-m+fp/hard/libm.a(libm_a-math_err.o)
                0x08004af0                __math_uflow
 .text.__math_oflow
                0x08004b00       0x10 /usr/lib/gcc/arm-none-eabi/15.1.0/../../../../arm-none-eabi/lib/thumb/v7e-m+fp/hard/libm.a(libm_a-math_err.o)
                0x08004b00                __math_oflow
 .text.__kernel_rem_pio2
                0x08004b10      0x888 /usr/lib/gcc/arm-none-eabi/15.1.0/../../../../arm-none-eabi/lib/thumb/v7e-m+fp/hard/libm.a(libm_a-k_rem_pio2.o)
                0x08004b10                __kernel_rem_pio2
 .text.floor    0x08005398      0x108 /usr/lib/gcc/arm-none-eabi/15.1.0/../../../../arm-none-eabi/lib/thumb/v7e-m+fp/hard/libm.a(libm_a-s_floor.o)
                0x08005398                floor
 .text.__errno  0x080054a0        0xc /usr/lib/gcc/arm-none-eabi/15.1.0/../../../../arm-none-eabi/lib/thumb/v7e-m+fp/hard/libc_nano.a(libc_a-errno.o)
                0x080054a0                __errno
 *(.glue_7)
 .glue_7        0x080054ac        0x0 linker stubs
 *(.glue_7t)
 .glue_7t       0x080054ac        0x0 linker stubs
 *(.eh_frame)
 .eh_frame      0x080054ac        0x0 /usr/lib/gcc/arm-none-eabi/15.1.0/thumb/v7e-m+fp/hard/crtbegin.o
 *(.init)
 .init          0x080054ac        0x4 /usr/lib/gcc/arm-none-eabi/15.1.0/thumb/v7e-m+fp/hard/crti.o
                0x080054ac                _init
 .init          0x080054b0        0x8 /usr/lib/gcc/arm-none-eabi/15.1.0/thumb/v7e-m+fp/hard/crtn.o
 *(.fini)
 .fini          0x080054b8        0x4 /usr/lib/gcc/arm-none-eabi/15.1.0/thumb/v7e-m+fp/hard/crti.o
                0x080054b8                _fini
 .fini          0x080054bc        0x8 /usr/lib/gcc/arm-none-eabi/15.1.0/thumb/v7e-m+fp/hard/crtn.o
                0x080054c4                        . = ALIGN (0x4)
                0x080054c4                        _etext = .

.vfp11_veneer   0x080054c4        0x0
 .vfp11_veneer  0x080054c4        0x0 linker stubs

.v4_bx          0x080054c4        0x0
 .v4_bx         0x080054c4        0x0 linker stubs

.iplt           0x080054c4        0x0
 .iplt          0x080054c4        0x0 /usr/lib/gcc/arm-none-eabi/15.1.0/thumb/v7e-m+fp/hard/crtbegin.o

.rodata         0x080054c8      0x230
                0x080054c8                        . = ALIGN (0x4)
 *(.rodata)
 .rodata        0x080054c8       0x44 CMakeFiles/OC_Relay.elf.dir/Src/main.c.obj
 *(.rodata*)
 *fill*         0x0800550c        0x4 
 .rodata.tiny   0x08005510        0x8 /usr/lib/gcc/arm-none-eabi/15.1.0/../../../../arm-none-eabi/lib/thumb/v7e-m+fp/hard/libm.a(libm_a-e_sqrt.o)
 .rodata.one    0x08005518        0x8 /usr/lib/gcc/arm-none-eabi/15.1.0/../../../../arm-none-eabi/lib/thumb/v7e-m+fp/hard/libm.a(libm_a-e_sqrt.o)
 .rodata.npio2_hw
                0x08005520       0x80 /usr/lib/gcc/arm-none-eabi/15.1.0/../../../../arm-none-eabi/lib/thumb/v7e-m+fp/hard/libm.a(libm_a-e_rem_pio2.o)
 .rodata.two_over_pi
                0x080055a0      0x108 /usr/lib/gcc/arm-none-eabi/15.1.0/../../../../arm-none-eabi/lib/thumb/v7e-m+fp/hard/libm.a(libm_a-e_rem_pio2.o)
 .rodata.PIo2   0x080056a8       0x40 /usr/lib/gcc/arm-none-eabi/15.1.0/../../../../arm-none-eabi/lib/thumb/v7e-m+fp/hard/libm.a(libm_a-k_rem_pio2.o)
 .rodata.init_jk
                0x080056e8       0x10 /usr/lib/gcc/arm-none-eabi/15.1.0/../../../../arm-none-eabi/lib/thumb/v7e-m+fp/hard/libm.a(libm_a-k_rem_pio2.o)
                0x080056f8                        . = ALIGN (0x4)

.rel.dyn        0x080056f8        0x0
 .rel.iplt      0x080056f8        0x0 /usr/lib/gcc/arm-none-eabi/15.1.0/thumb/v7e-m+fp/hard/crtbegin.o

.ARM.extab
 *(.ARM.extab* .gnu.linkonce.armextab.*)

.ARM            0x080056f8        0x0
                0x080056f8                        __exidx_start = .
 *(.ARM.exidx*)
                0x080056f8                        __exidx_end = .

.preinit_array  0x080056f8        0x0
                0x080056f8                        PROVIDE (__preinit_array_start = .)
 *(.preinit_array*)
                0x080056f8                        PROVIDE (__preinit_array_end = .)

.init_array     0x080056f8        0x4
                0x080056f8                        PROVIDE (__init_array_start = .)
 *(SORT_BY_NAME(.init_array.*))
 *(.init_array*)
 .init_array    0x080056f8        0x4 /usr/lib/gcc/arm-none-eabi/15.1.0/thumb/v7e-m+fp/hard/crtbegin.o
                0x080056fc                        PROVIDE (__init_array_end = .)

.fini_array     0x080056fc        0x4
                0x080056fc                        PROVIDE (__fini_array_start = .)
 *(SORT_BY_NAME(.fini_array.*))
 *(.fini_array*)
 .fini_array    0x080056fc        0x4 /usr/lib/gcc/arm-none-eabi/15.1.0/thumb/v7e-m+fp/hard/crtbegin.o
                0x08005700                        PROVIDE (__fini_array_end = .)
                0x08005700                        _sidata = LOADADDR (.data)

.data           0x20000000       0x60 load address 0x08005700
                0x20000000                        . = ALIGN (0x4)
                0x20000000                        _sdata = .
 *(.data)
 *(.data*)
 .data.g_current_period
                0x20000000        0x4 CMakeFiles/OC_Relay.elf.dir/Src/main.c.obj
                0x20000000                g_current_period
 .data.uwTickPrio
                0x20000004        0x4 CMakeFiles/OC_Relay.elf.dir/stm32f4xx-hal-driver/Src/stm32f4xx_hal.c.obj
                0x20000004                uwTickPrio
 .data.uwTickFreq
                0x20000008        0x1 CMakeFiles/OC_Relay.elf.dir/stm32f4xx-hal-driver/Src/stm32f4xx_hal.c.obj
                0x20000008                uwTickFreq
 *fill*         0x20000009        0x3 
 .data.SystemCoreClock
                0x2000000c        0x4 CMakeFiles/OC_Relay.elf.dir/cmsis_device_f4/Source/Templates/system_stm32f4xx.c.obj
                0x2000000c                SystemCoreClock
 .data._impure_ptr
                0x20000010        0x4 /usr/lib/gcc/arm-none-eabi/15.1.0/../../../../arm-none-eabi/lib/thumb/v7e-m+fp/hard/libc_nano.a(libc_a-impure.o)
                0x20000010                _impure_ptr
 .data._impure_data
                0x20000014       0x4c /usr/lib/gcc/arm-none-eabi/15.1.0/../../../../arm-none-eabi/lib/thumb/v7e-m+fp/hard/libc_nano.a(libc_a-impure.o)
                0x20000014                _impure_data
                0x20000060                        . = ALIGN (0x4)
                0x20000060                        _edata = .

.tm_clone_table
                0x20000060        0x0 load address 0x08005760
 .tm_clone_table
                0x20000060        0x0 /usr/lib/gcc/arm-none-eabi/15.1.0/thumb/v7e-m+fp/hard/crtbegin.o
 .tm_clone_table
                0x20000060        0x0 /usr/lib/gcc/arm-none-eabi/15.1.0/thumb/v7e-m+fp/hard/crtend.o

.igot.plt       0x20000060        0x0 load address 0x08005760
 .igot.plt      0x20000060        0x0 /usr/lib/gcc/arm-none-eabi/15.1.0/thumb/v7e-m+fp/hard/crtbegin.o
                0x20000060                        . = ALIGN (0x4)

.bss            0x20000060     0x1c38 load address 0x08005760
                0x20000060                        _sbss = .
                0x20000060                        __bss_start__ = _sbss
 *(.bss)
 .bss           0x20000060       0x1c /usr/lib/gcc/arm-none-eabi/15.1.0/thumb/v7e-m+fp/hard/crtbegin.o
 *(.bss*)
 .bss.Sign      0x2000007c        0x1 CMakeFiles/OC_Relay.elf.dir/Src/main.c.obj
                0x2000007c                Sign
 *fill*         0x2000007d        0x3 
 .bss.adc_Current_data_A
                0x20000080       0x30 CMakeFiles/OC_Relay.elf.dir/Src/main.c.obj
 .bss.adc_Current_data_B
                0x200000b0       0x30 CMakeFiles/OC_Relay.elf.dir/Src/main.c.obj
 .bss.adc_Voltage_data_A
                0x200000e0       0x30 CMakeFiles/OC_Relay.elf.dir/Src/main.c.obj
 .bss.adc_Voltage_data_B
                0x20000110       0x30 CMakeFiles/OC_Relay.elf.dir/Src/main.c.obj
 .bss.active_buffer
                0x20000140        0x1 CMakeFiles/OC_Relay.elf.dir/Src/main.c.obj
                0x20000140                active_buffer
 *fill*         0x20000141        0x3 
 .bss.adc_trigger
                0x20000144       0x48 CMakeFiles/OC_Relay.elf.dir/Src/main.c.obj
                0x20000144                adc_trigger
 .bss.adc_handle
                0x2000018c       0x48 CMakeFiles/OC_Relay.elf.dir/Src/main.c.obj
                0x2000018c                adc_handle
 .bss.zero_handle
                0x200001d4       0x48 CMakeFiles/OC_Relay.elf.dir/Src/main.c.obj
                0x200001d4                zero_handle
 .bss.toTrip    0x2000021c        0x1 CMakeFiles/OC_Relay.elf.dir/Src/main.c.obj
                0x2000021c                toTrip
 *fill*         0x2000021d        0x3 
 .bss.ktable.8  0x20000220      0x118 CMakeFiles/OC_Relay.elf.dir/Src/main.c.obj
 .bss.cos_table.7
                0x20000338       0x30 CMakeFiles/OC_Relay.elf.dir/Src/main.c.obj
 .bss.sin_table.6
                0x20000368       0x30 CMakeFiles/OC_Relay.elf.dir/Src/main.c.obj
 .bss.ptable.5  0x20000398     0x17c0 CMakeFiles/OC_Relay.elf.dir/Src/main.c.obj
 .bss.progress.4
                0x20001b58        0x8 CMakeFiles/OC_Relay.elf.dir/Src/main.c.obj
 .bss.__sf      0x20001b60      0x138 /usr/lib/gcc/arm-none-eabi/15.1.0/../../../../arm-none-eabi/lib/thumb/v7e-m+fp/hard/libc_nano.a(libc_a-findfp.o)
                0x20001b60                __sf
 *(COMMON)
                0x20001c98                        . = ALIGN (0x4)
                0x20001c98                        _ebss = .
                0x20001c98                        __bss_end__ = _ebss

._user_heap_stack
                0x20001c98      0x600 load address 0x08005760
                0x20001c98                        . = ALIGN (0x8)
                0x20001c98                        PROVIDE (end = .)
                [!provide]                        PROVIDE (_end = .)
                0x20001e98                        . = (. + _Min_Heap_Size)
 *fill*         0x20001c98      0x200 
                0x20002298                        . = (. + _Min_Stack_Size)
 *fill*         0x20001e98      0x400 
                0x20002298                        . = ALIGN (0x8)

/DISCARD/
 libc.a(*)
 libm.a(*)
 libgcc.a(*)

.ARM.attributes
                0x00000000       0x30
 *(.ARM.attributes)
 .ARM.attributes
                0x00000000       0x22 /usr/lib/gcc/arm-none-eabi/15.1.0/thumb/v7e-m+fp/hard/crti.o
 .ARM.attributes
                0x00000022       0x34 /usr/lib/gcc/arm-none-eabi/15.1.0/thumb/v7e-m+fp/hard/crtbegin.o
 .ARM.attributes
                0x00000056       0x34 CMakeFiles/OC_Relay.elf.dir/Src/main.c.obj
 .ARM.attributes
                0x0000008a       0x34 CMakeFiles/OC_Relay.elf.dir/stm32f4xx-hal-driver/Src/stm32f4xx_hal.c.obj
 .ARM.attributes
                0x000000be       0x34 CMakeFiles/OC_Relay.elf.dir/stm32f4xx-hal-driver/Src/stm32f4xx_hal_adc.c.obj
 .ARM.attributes
                0x000000f2       0x34 CMakeFiles/OC_Relay.elf.dir/stm32f4xx-hal-driver/Src/stm32f4xx_hal_cortex.c.obj
 .ARM.attributes
                0x00000126       0x34 CMakeFiles/OC_Relay.elf.dir/stm32f4xx-hal-driver/Src/stm32f4xx_hal_gpio.c.obj
 .ARM.attributes
                0x0000015a       0x34 CMakeFiles/OC_Relay.elf.dir/stm32f4xx-hal-driver/Src/stm32f4xx_hal_tim.c.obj
 .ARM.attributes
                0x0000018e       0x34 CMakeFiles/OC_Relay.elf.dir/stm32f4xx-hal-driver/Src/stm32f4xx_hal_tim_ex.c.obj
 .ARM.attributes
                0x000001c2       0x34 CMakeFiles/OC_Relay.elf.dir/cmsis_device_f4/Source/Templates/system_stm32f4xx.c.obj
 .ARM.attributes
                0x000001f6       0x21 CMakeFiles/OC_Relay.elf.dir/cmsis_device_f4/Source/Templates/gcc/startup_stm32f401xe.s.obj
 .ARM.attributes
                0x00000217       0x34 /usr/lib/gcc/arm-none-eabi/15.1.0/../../../../arm-none-eabi/lib/thumb/v7e-m+fp/hard/libc_nano.a(libc_a-findfp.o)
 .ARM.attributes
                0x0000024b       0x34 /usr/lib/gcc/arm-none-eabi/15.1.0/../../../../arm-none-eabi/lib/thumb/v7e-m+fp/hard/libc_nano.a(libc_a-impure.o)
 .ARM.attributes
                0x0000027f       0x34 /usr/lib/gcc/arm-none-eabi/15.1.0/../../../../arm-none-eabi/lib/thumb/v7e-m+fp/hard/libc_nano.a(libc_a-init.o)
 .ARM.attributes
                0x000002b3       0x34 /usr/lib/gcc/arm-none-eabi/15.1.0/../../../../arm-none-eabi/lib/thumb/v7e-m+fp/hard/libm.a(libm_a-w_pow.o)
 .ARM.attributes
                0x000002e7       0x34 /usr/lib/gcc/arm-none-eabi/15.1.0/../../../../arm-none-eabi/lib/thumb/v7e-m+fp/hard/libm.a(libm_a-w_sqrt.o)
 .ARM.attributes
                0x0000031b       0x34 /usr/lib/gcc/arm-none-eabi/15.1.0/../../../../arm-none-eabi/lib/thumb/v7e-m+fp/hard/libm.a(libm_a-s_cos.o)
 .ARM.attributes
                0x0000034f       0x34 /usr/lib/gcc/arm-none-eabi/15.1.0/../../../../arm-none-eabi/lib/thumb/v7e-m+fp/hard/libm.a(libm_a-s_sin.o)
 .ARM.attributes
                0x00000383       0x34 /usr/lib/gcc/arm-none-eabi/15.1.0/../../../../arm-none-eabi/lib/thumb/v7e-m+fp/hard/libm.a(libm_a-s_finite.o)
 .ARM.attributes
                0x000003b7       0x34 /usr/lib/gcc/arm-none-eabi/15.1.0/../../../../arm-none-eabi/lib/thumb/v7e-m+fp/hard/libm.a(libm_a-e_sqrt.o)
 .ARM.attributes
                0x000003eb       0x34 /usr/lib/gcc/arm-none-eabi/15.1.0/../../../../arm-none-eabi/lib/thumb/v7e-m+fp/hard/libm.a(libm_a-k_cos.o)
 .ARM.attributes
                0x0000041f       0x34 /usr/lib/gcc/arm-none-eabi/15.1.0/../../../../arm-none-eabi/lib/thumb/v7e-m+fp/hard/libm.a(libm_a-k_sin.o)
 .ARM.attributes
                0x00000453       0x34 /usr/lib/gcc/arm-none-eabi/15.1.0/../../../../arm-none-eabi/lib/thumb/v7e-m+fp/hard/libm.a(libm_a-e_pow.o)
 .ARM.attributes
                0x00000487       0x34 /usr/lib/gcc/arm-none-eabi/15.1.0/../../../../arm-none-eabi/lib/thumb/v7e-m+fp/hard/libm.a(libm_a-e_rem_pio2.o)
 .ARM.attributes
                0x000004bb       0x34 /usr/lib/gcc/arm-none-eabi/15.1.0/../../../../arm-none-eabi/lib/thumb/v7e-m+fp/hard/libm.a(libm_a-s_fabs.o)
 .ARM.attributes
                0x000004ef       0x34 /usr/lib/gcc/arm-none-eabi/15.1.0/../../../../arm-none-eabi/lib/thumb/v7e-m+fp/hard/libm.a(libm_a-s_scalbn.o)
 .ARM.attributes
                0x00000523       0x34 /usr/lib/gcc/arm-none-eabi/15.1.0/../../../../arm-none-eabi/lib/thumb/v7e-m+fp/hard/libm.a(libm_a-math_err.o)
 .ARM.attributes
                0x00000557       0x34 /usr/lib/gcc/arm-none-eabi/15.1.0/../../../../arm-none-eabi/lib/thumb/v7e-m+fp/hard/libm.a(libm_a-k_rem_pio2.o)
 .ARM.attributes
                0x0000058b       0x34 /usr/lib/gcc/arm-none-eabi/15.1.0/../../../../arm-none-eabi/lib/thumb/v7e-m+fp/hard/libm.a(libm_a-s_floor.o)
 .ARM.attributes
                0x000005bf       0x22 /usr/lib/gcc/arm-none-eabi/15.1.0/thumb/v7e-m+fp/hard/libgcc.a(_arm_addsubdf3.o)
 .ARM.attributes
                0x000005e1       0x22 /usr/lib/gcc/arm-none-eabi/15.1.0/thumb/v7e-m+fp/hard/libgcc.a(_arm_muldivdf3.o)
 .ARM.attributes
                0x00000603       0x22 /usr/lib/gcc/arm-none-eabi/15.1.0/thumb/v7e-m+fp/hard/libgcc.a(_arm_cmpdf2.o)
 .ARM.attributes
                0x00000625       0x22 /usr/lib/gcc/arm-none-eabi/15.1.0/thumb/v7e-m+fp/hard/libgcc.a(_arm_unorddf2.o)
 .ARM.attributes
                0x00000647       0x22 /usr/lib/gcc/arm-none-eabi/15.1.0/thumb/v7e-m+fp/hard/libgcc.a(_arm_fixdfsi.o)
 .ARM.attributes
                0x00000669       0x22 /usr/lib/gcc/arm-none-eabi/15.1.0/thumb/v7e-m+fp/hard/libgcc.a(_arm_truncdfsf2.o)
 .ARM.attributes
                0x0000068b       0x34 /usr/lib/gcc/arm-none-eabi/15.1.0/../../../../arm-none-eabi/lib/thumb/v7e-m+fp/hard/libc_nano.a(libc_a-errno.o)
 .ARM.attributes
                0x000006bf       0x34 /usr/lib/gcc/arm-none-eabi/15.1.0/thumb/v7e-m+fp/hard/crtend.o
 .ARM.attributes
                0x000006f3       0x22 /usr/lib/gcc/arm-none-eabi/15.1.0/thumb/v7e-m+fp/hard/crtn.o
OUTPUT(OC_Relay.elf elf32-littlearm)
LOAD linker stubs
LOAD /usr/lib/gcc/arm-none-eabi/15.1.0/../../../../arm-none-eabi/lib/thumb/v7e-m+fp/hard/libc.a
LOAD /usr/lib/gcc/arm-none-eabi/15.1.0/../../../../arm-none-eabi/lib/thumb/v7e-m+fp/hard/libm.a
LOAD /usr/lib/gcc/arm-none-eabi/15.1.0/thumb/v7e-m+fp/hard/libgcc.a

.comment        0x00000000       0x46
 .comment       0x00000000       0x46 /usr/lib/gcc/arm-none-eabi/15.1.0/thumb/v7e-m+fp/hard/crtbegin.o
                                 0x24 (size before relaxing)
 .comment       0x00000046       0x24 CMakeFiles/OC_Relay.elf.dir/Src/main.c.obj
 .comment       0x00000046       0x24 CMakeFiles/OC_Relay.elf.dir/stm32f4xx-hal-driver/Src/stm32f4xx_hal.c.obj
 .comment       0x00000046       0x24 CMakeFiles/OC_Relay.elf.dir/stm32f4xx-hal-driver/Src/stm32f4xx_hal_adc.c.obj
 .comment       0x00000046       0x24 CMakeFiles/OC_Relay.elf.dir/stm32f4xx-hal-driver/Src/stm32f4xx_hal_cortex.c.obj
 .comment       0x00000046       0x24 CMakeFiles/OC_Relay.elf.dir/stm32f4xx-hal-driver/Src/stm32f4xx_hal_gpio.c.obj
 .comment       0x00000046       0x24 CMakeFiles/OC_Relay.elf.dir/stm32f4xx-hal-driver/Src/stm32f4xx_hal_tim.c.obj
 .comment       0x00000046       0x24 CMakeFiles/OC_Relay.elf.dir/stm32f4xx-hal-driver/Src/stm32f4xx_hal_tim_ex.c.obj
 .comment       0x00000046       0x24 CMakeFiles/OC_Relay.elf.dir/cmsis_device_f4/Source/Templates/system_stm32f4xx.c.obj
 .comment       0x00000046       0x24 /usr/lib/gcc/arm-none-eabi/15.1.0/../../../../arm-none-eabi/lib/thumb/v7e-m+fp/hard/libc_nano.a(libc_a-findfp.o)
 .comment       0x00000046       0x24 /usr/lib/gcc/arm-none-eabi/15.1.0/../../../../arm-none-eabi/lib/thumb/v7e-m+fp/hard/libc_nano.a(libc_a-impure.o)
 .comment       0x00000046       0x24 /usr/lib/gcc/arm-none-eabi/15.1.0/../../../../arm-none-eabi/lib/thumb/v7e-m+fp/hard/libc_nano.a(libc_a-init.o)
 .comment       0x00000046       0x24 /usr/lib/gcc/arm-none-eabi/15.1.0/../../../../arm-none-eabi/lib/thumb/v7e-m+fp/hard/libm.a(libm_a-w_pow.o)
 .comment       0x00000046       0x24 /usr/lib/gcc/arm-none-eabi/15.1.0/../../../../arm-none-eabi/lib/thumb/v7e-m+fp/hard/libm.a(libm_a-w_sqrt.o)
 .comment       0x00000046       0x24 /usr/lib/gcc/arm-none-eabi/15.1.0/../../../../arm-none-eabi/lib/thumb/v7e-m+fp/hard/libm.a(libm_a-s_cos.o)
 .comment       0x00000046       0x24 /usr/lib/gcc/arm-none-eabi/15.1.0/../../../../arm-none-eabi/lib/thumb/v7e-m+fp/hard/libm.a(libm_a-s_sin.o)
 .comment       0x00000046       0x24 /usr/lib/gcc/arm-none-eabi/15.1.0/../../../../arm-none-eabi/lib/thumb/v7e-m+fp/hard/libm.a(libm_a-s_finite.o)
 .comment       0x00000046       0x24 /usr/lib/gcc/arm-none-eabi/15.1.0/../../../../arm-none-eabi/lib/thumb/v7e-m+fp/hard/libm.a(libm_a-e_sqrt.o)
 .comment       0x00000046       0x24 /usr/lib/gcc/arm-none-eabi/15.1.0/../../../../arm-none-eabi/lib/thumb/v7e-m+fp/hard/libm.a(libm_a-k_cos.o)
 .comment       0x00000046       0x24 /usr/lib/gcc/arm-none-eabi/15.1.0/../../../../arm-none-eabi/lib/thumb/v7e-m+fp/hard/libm.a(libm_a-k_sin.o)
 .comment       0x00000046       0x24 /usr/lib/gcc/arm-none-eabi/15.1.0/../../../../arm-none-eabi/lib/thumb/v7e-m+fp/hard/libm.a(libm_a-e_pow.o)
 .comment       0x00000046       0x24 /usr/lib/gcc/arm-none-eabi/15.1.0/../../../../arm-none-eabi/lib/thumb/v7e-m+fp/hard/libm.a(libm_a-e_rem_pio2.o)
 .comment       0x00000046       0x24 /usr/lib/gcc/arm-none-eabi/15.1.0/../../../../arm-none-eabi/lib/thumb/v7e-m+fp/hard/libm.a(libm_a-s_fabs.o)
 .comment       0x00000046       0x24 /usr/lib/gcc/arm-none-eabi/15.1.0/../../../../arm-none-eabi/lib/thumb/v7e-m+fp/hard/libm.a(libm_a-s_scalbn.o)
 .comment       0x00000046       0x24 /usr/lib/gcc/arm-none-eabi/15.1.0/../../../../arm-none-eabi/lib/thumb/v7e-m+fp/hard/libm.a(libm_a-math_err.o)
 .comment       0x00000046       0x24 /usr/lib/gcc/arm-none-eabi/15.1.0/../../../../arm-none-eabi/lib/thumb/v7e-m+fp/hard/libm.a(libm_a-k_rem_pio2.o)
 .comment       0x00000046       0x24 /usr/lib/gcc/arm-none-eabi/15.1.0/../../../../arm-none-eabi/lib/thumb/v7e-m+fp/hard/libm.a(libm_a-s_floor.o)
 .comment       0x00000046       0x24 /usr/lib/gcc/arm-none-eabi/15.1.0/../../../../arm-none-eabi/lib/thumb/v7e-m+fp/hard/libc_nano.a(libc_a-errno.o)
 .comment       0x00000046       0x24 /usr/lib/gcc/arm-none-eabi/15.1.0/thumb/v7e-m+fp/hard/crtend.o

.debug_info     0x00000000     0x599f
 .debug_info    0x00000000      0xfb8 /usr/lib/gcc/arm-none-eabi/15.1.0/../../../../arm-none-eabi/lib/thumb/v7e-m+fp/hard/libc_nano.a(libc_a-findfp.o)
 .debug_info    0x00000fb8      0x715 /usr/lib/gcc/arm-none-eabi/15.1.0/../../../../arm-none-eabi/lib/thumb/v7e-m+fp/hard/libc_nano.a(libc_a-impure.o)
 .debug_info    0x000016cd      0x10b /usr/lib/gcc/arm-none-eabi/15.1.0/../../../../arm-none-eabi/lib/thumb/v7e-m+fp/hard/libc_nano.a(libc_a-init.o)
 .debug_info    0x000017d8      0x24e /usr/lib/gcc/arm-none-eabi/15.1.0/../../../../arm-none-eabi/lib/thumb/v7e-m+fp/hard/libm.a(libm_a-w_pow.o)
 .debug_info    0x00001a26      0x14b /usr/lib/gcc/arm-none-eabi/15.1.0/../../../../arm-none-eabi/lib/thumb/v7e-m+fp/hard/libm.a(libm_a-w_sqrt.o)
 .debug_info    0x00001b71      0x24f /usr/lib/gcc/arm-none-eabi/15.1.0/../../../../arm-none-eabi/lib/thumb/v7e-m+fp/hard/libm.a(libm_a-s_cos.o)
 .debug_info    0x00001dc0      0x264 /usr/lib/gcc/arm-none-eabi/15.1.0/../../../../arm-none-eabi/lib/thumb/v7e-m+fp/hard/libm.a(libm_a-s_sin.o)
 .debug_info    0x00002024      0x135 /usr/lib/gcc/arm-none-eabi/15.1.0/../../../../arm-none-eabi/lib/thumb/v7e-m+fp/hard/libm.a(libm_a-s_finite.o)
 .debug_info    0x00002159      0x2e8 /usr/lib/gcc/arm-none-eabi/15.1.0/../../../../arm-none-eabi/lib/thumb/v7e-m+fp/hard/libm.a(libm_a-e_sqrt.o)
 .debug_info    0x00002441      0x3cf /usr/lib/gcc/arm-none-eabi/15.1.0/../../../../arm-none-eabi/lib/thumb/v7e-m+fp/hard/libm.a(libm_a-k_cos.o)
 .debug_info    0x00002810      0x304 /usr/lib/gcc/arm-none-eabi/15.1.0/../../../../arm-none-eabi/lib/thumb/v7e-m+fp/hard/libm.a(libm_a-k_sin.o)
 .debug_info    0x00002b14      0xe28 /usr/lib/gcc/arm-none-eabi/15.1.0/../../../../arm-none-eabi/lib/thumb/v7e-m+fp/hard/libm.a(libm_a-e_pow.o)
 .debug_info    0x0000393c      0x654 /usr/lib/gcc/arm-none-eabi/15.1.0/../../../../arm-none-eabi/lib/thumb/v7e-m+fp/hard/libm.a(libm_a-e_rem_pio2.o)
 .debug_info    0x00003f90      0x14b /usr/lib/gcc/arm-none-eabi/15.1.0/../../../../arm-none-eabi/lib/thumb/v7e-m+fp/hard/libm.a(libm_a-s_fabs.o)
 .debug_info    0x000040db      0x27b /usr/lib/gcc/arm-none-eabi/15.1.0/../../../../arm-none-eabi/lib/thumb/v7e-m+fp/hard/libm.a(libm_a-s_scalbn.o)
 .debug_info    0x00004356      0x46a /usr/lib/gcc/arm-none-eabi/15.1.0/../../../../arm-none-eabi/lib/thumb/v7e-m+fp/hard/libm.a(libm_a-math_err.o)
 .debug_info    0x000047c0      0x60e /usr/lib/gcc/arm-none-eabi/15.1.0/../../../../arm-none-eabi/lib/thumb/v7e-m+fp/hard/libm.a(libm_a-k_rem_pio2.o)
 .debug_info    0x00004dce      0x216 /usr/lib/gcc/arm-none-eabi/15.1.0/../../../../arm-none-eabi/lib/thumb/v7e-m+fp/hard/libm.a(libm_a-s_floor.o)
 .debug_info    0x00004fe4       0xd3 /usr/lib/gcc/arm-none-eabi/15.1.0/thumb/v7e-m+fp/hard/libgcc.a(_arm_addsubdf3.o)
 .debug_info    0x000050b7       0x57 /usr/lib/gcc/arm-none-eabi/15.1.0/thumb/v7e-m+fp/hard/libgcc.a(_arm_muldivdf3.o)
 .debug_info    0x0000510e       0xdf /usr/lib/gcc/arm-none-eabi/15.1.0/thumb/v7e-m+fp/hard/libgcc.a(_arm_cmpdf2.o)
 .debug_info    0x000051ed       0x3c /usr/lib/gcc/arm-none-eabi/15.1.0/thumb/v7e-m+fp/hard/libgcc.a(_arm_unorddf2.o)
 .debug_info    0x00005229       0x3c /usr/lib/gcc/arm-none-eabi/15.1.0/thumb/v7e-m+fp/hard/libgcc.a(_arm_fixdfsi.o)
 .debug_info    0x00005265       0x3f /usr/lib/gcc/arm-none-eabi/15.1.0/thumb/v7e-m+fp/hard/libgcc.a(_arm_truncdfsf2.o)
 .debug_info    0x000052a4      0x6fb /usr/lib/gcc/arm-none-eabi/15.1.0/../../../../arm-none-eabi/lib/thumb/v7e-m+fp/hard/libc_nano.a(libc_a-errno.o)

.debug_abbrev   0x00000000     0x1c8d
 .debug_abbrev  0x00000000      0x424 /usr/lib/gcc/arm-none-eabi/15.1.0/../../../../arm-none-eabi/lib/thumb/v7e-m+fp/hard/libc_nano.a(libc_a-findfp.o)
 .debug_abbrev  0x00000424      0x149 /usr/lib/gcc/arm-none-eabi/15.1.0/../../../../arm-none-eabi/lib/thumb/v7e-m+fp/hard/libc_nano.a(libc_a-impure.o)
 .debug_abbrev  0x0000056d       0xc9 /usr/lib/gcc/arm-none-eabi/15.1.0/../../../../arm-none-eabi/lib/thumb/v7e-m+fp/hard/libc_nano.a(libc_a-init.o)
 .debug_abbrev  0x00000636       0xd7 /usr/lib/gcc/arm-none-eabi/15.1.0/../../../../arm-none-eabi/lib/thumb/v7e-m+fp/hard/libm.a(libm_a-w_pow.o)
 .debug_abbrev  0x0000070d       0xd5 /usr/lib/gcc/arm-none-eabi/15.1.0/../../../../arm-none-eabi/lib/thumb/v7e-m+fp/hard/libm.a(libm_a-w_sqrt.o)
 .debug_abbrev  0x000007e2      0x184 /usr/lib/gcc/arm-none-eabi/15.1.0/../../../../arm-none-eabi/lib/thumb/v7e-m+fp/hard/libm.a(libm_a-s_cos.o)
 .debug_abbrev  0x00000966      0x17a /usr/lib/gcc/arm-none-eabi/15.1.0/../../../../arm-none-eabi/lib/thumb/v7e-m+fp/hard/libm.a(libm_a-s_sin.o)
 .debug_abbrev  0x00000ae0       0xd9 /usr/lib/gcc/arm-none-eabi/15.1.0/../../../../arm-none-eabi/lib/thumb/v7e-m+fp/hard/libm.a(libm_a-s_finite.o)
 .debug_abbrev  0x00000bb9      0x15e /usr/lib/gcc/arm-none-eabi/15.1.0/../../../../arm-none-eabi/lib/thumb/v7e-m+fp/hard/libm.a(libm_a-e_sqrt.o)
 .debug_abbrev  0x00000d17      0x134 /usr/lib/gcc/arm-none-eabi/15.1.0/../../../../arm-none-eabi/lib/thumb/v7e-m+fp/hard/libm.a(libm_a-k_cos.o)
 .debug_abbrev  0x00000e4b      0x13a /usr/lib/gcc/arm-none-eabi/15.1.0/../../../../arm-none-eabi/lib/thumb/v7e-m+fp/hard/libm.a(libm_a-k_sin.o)
 .debug_abbrev  0x00000f85      0x293 /usr/lib/gcc/arm-none-eabi/15.1.0/../../../../arm-none-eabi/lib/thumb/v7e-m+fp/hard/libm.a(libm_a-e_pow.o)
 .debug_abbrev  0x00001218      0x1c2 /usr/lib/gcc/arm-none-eabi/15.1.0/../../../../arm-none-eabi/lib/thumb/v7e-m+fp/hard/libm.a(libm_a-e_rem_pio2.o)
 .debug_abbrev  0x000013da       0xec /usr/lib/gcc/arm-none-eabi/15.1.0/../../../../arm-none-eabi/lib/thumb/v7e-m+fp/hard/libm.a(libm_a-s_fabs.o)
 .debug_abbrev  0x000014c6      0x167 /usr/lib/gcc/arm-none-eabi/15.1.0/../../../../arm-none-eabi/lib/thumb/v7e-m+fp/hard/libm.a(libm_a-s_scalbn.o)
 .debug_abbrev  0x0000162d      0x164 /usr/lib/gcc/arm-none-eabi/15.1.0/../../../../arm-none-eabi/lib/thumb/v7e-m+fp/hard/libm.a(libm_a-math_err.o)
 .debug_abbrev  0x00001791      0x184 /usr/lib/gcc/arm-none-eabi/15.1.0/../../../../arm-none-eabi/lib/thumb/v7e-m+fp/hard/libm.a(libm_a-k_rem_pio2.o)
 .debug_abbrev  0x00001915      0x12a /usr/lib/gcc/arm-none-eabi/15.1.0/../../../../arm-none-eabi/lib/thumb/v7e-m+fp/hard/libm.a(libm_a-s_floor.o)
 .debug_abbrev  0x00001a3f       0x28 /usr/lib/gcc/arm-none-eabi/15.1.0/thumb/v7e-m+fp/hard/libgcc.a(_arm_addsubdf3.o)
 .debug_abbrev  0x00001a67       0x28 /usr/lib/gcc/arm-none-eabi/15.1.0/thumb/v7e-m+fp/hard/libgcc.a(_arm_muldivdf3.o)
 .debug_abbrev  0x00001a8f       0x28 /usr/lib/gcc/arm-none-eabi/15.1.0/thumb/v7e-m+fp/hard/libgcc.a(_arm_cmpdf2.o)
 .debug_abbrev  0x00001ab7       0x28 /usr/lib/gcc/arm-none-eabi/15.1.0/thumb/v7e-m+fp/hard/libgcc.a(_arm_unorddf2.o)
 .debug_abbrev  0x00001adf       0x28 /usr/lib/gcc/arm-none-eabi/15.1.0/thumb/v7e-m+fp/hard/libgcc.a(_arm_fixdfsi.o)
 .debug_abbrev  0x00001b07       0x28 /usr/lib/gcc/arm-none-eabi/15.1.0/thumb/v7e-m+fp/hard/libgcc.a(_arm_truncdfsf2.o)
 .debug_abbrev  0x00001b2f      0x15e /usr/lib/gcc/arm-none-eabi/15.1.0/../../../../arm-none-eabi/lib/thumb/v7e-m+fp/hard/libc_nano.a(libc_a-errno.o)

.debug_loclists
                0x00000000     0x3365
 .debug_loclists
                0x00000000      0x2b6 /usr/lib/gcc/arm-none-eabi/15.1.0/../../../../arm-none-eabi/lib/thumb/v7e-m+fp/hard/libc_nano.a(libc_a-findfp.o)
 .debug_loclists
                0x000002b6       0x54 /usr/lib/gcc/arm-none-eabi/15.1.0/../../../../arm-none-eabi/lib/thumb/v7e-m+fp/hard/libc_nano.a(libc_a-init.o)
 .debug_loclists
                0x0000030a       0x7f /usr/lib/gcc/arm-none-eabi/15.1.0/../../../../arm-none-eabi/lib/thumb/v7e-m+fp/hard/libm.a(libm_a-w_pow.o)
 .debug_loclists
                0x00000389       0x6a /usr/lib/gcc/arm-none-eabi/15.1.0/../../../../arm-none-eabi/lib/thumb/v7e-m+fp/hard/libm.a(libm_a-w_sqrt.o)
 .debug_loclists
                0x000003f3       0xa0 /usr/lib/gcc/arm-none-eabi/15.1.0/../../../../arm-none-eabi/lib/thumb/v7e-m+fp/hard/libm.a(libm_a-s_cos.o)
 .debug_loclists
                0x00000493       0xae /usr/lib/gcc/arm-none-eabi/15.1.0/../../../../arm-none-eabi/lib/thumb/v7e-m+fp/hard/libm.a(libm_a-s_sin.o)
 .debug_loclists
                0x00000541      0x477 /usr/lib/gcc/arm-none-eabi/15.1.0/../../../../arm-none-eabi/lib/thumb/v7e-m+fp/hard/libm.a(libm_a-e_sqrt.o)
 .debug_loclists
                0x000009b8      0x1c9 /usr/lib/gcc/arm-none-eabi/15.1.0/../../../../arm-none-eabi/lib/thumb/v7e-m+fp/hard/libm.a(libm_a-k_cos.o)
 .debug_loclists
                0x00000b81      0x124 /usr/lib/gcc/arm-none-eabi/15.1.0/../../../../arm-none-eabi/lib/thumb/v7e-m+fp/hard/libm.a(libm_a-k_sin.o)
 .debug_loclists
                0x00000ca5     0x10e1 /usr/lib/gcc/arm-none-eabi/15.1.0/../../../../arm-none-eabi/lib/thumb/v7e-m+fp/hard/libm.a(libm_a-e_pow.o)
 .debug_loclists
                0x00001d86      0x454 /usr/lib/gcc/arm-none-eabi/15.1.0/../../../../arm-none-eabi/lib/thumb/v7e-m+fp/hard/libm.a(libm_a-e_rem_pio2.o)
 .debug_loclists
                0x000021da       0x3c /usr/lib/gcc/arm-none-eabi/15.1.0/../../../../arm-none-eabi/lib/thumb/v7e-m+fp/hard/libm.a(libm_a-s_fabs.o)
 .debug_loclists
                0x00002216      0x153 /usr/lib/gcc/arm-none-eabi/15.1.0/../../../../arm-none-eabi/lib/thumb/v7e-m+fp/hard/libm.a(libm_a-s_scalbn.o)
 .debug_loclists
                0x00002369      0x230 /usr/lib/gcc/arm-none-eabi/15.1.0/../../../../arm-none-eabi/lib/thumb/v7e-m+fp/hard/libm.a(libm_a-math_err.o)
 .debug_loclists
                0x00002599      0xc10 /usr/lib/gcc/arm-none-eabi/15.1.0/../../../../arm-none-eabi/lib/thumb/v7e-m+fp/hard/libm.a(libm_a-k_rem_pio2.o)
 .debug_loclists
                0x000031a9      0x1bc /usr/lib/gcc/arm-none-eabi/15.1.0/../../../../arm-none-eabi/lib/thumb/v7e-m+fp/hard/libm.a(libm_a-s_floor.o)

.debug_aranges  0x00000000      0x3b0
 .debug_aranges
                0x00000000       0x78 /usr/lib/gcc/arm-none-eabi/15.1.0/../../../../arm-none-eabi/lib/thumb/v7e-m+fp/hard/libc_nano.a(libc_a-findfp.o)
 .debug_aranges
                0x00000078       0x18 /usr/lib/gcc/arm-none-eabi/15.1.0/../../../../arm-none-eabi/lib/thumb/v7e-m+fp/hard/libc_nano.a(libc_a-impure.o)
 .debug_aranges
                0x00000090       0x20 /usr/lib/gcc/arm-none-eabi/15.1.0/../../../../arm-none-eabi/lib/thumb/v7e-m+fp/hard/libc_nano.a(libc_a-init.o)
 .debug_aranges
                0x000000b0       0x20 /usr/lib/gcc/arm-none-eabi/15.1.0/../../../../arm-none-eabi/lib/thumb/v7e-m+fp/hard/libm.a(libm_a-w_pow.o)
 .debug_aranges
                0x000000d0       0x20 /usr/lib/gcc/arm-none-eabi/15.1.0/../../../../arm-none-eabi/lib/thumb/v7e-m+fp/hard/libm.a(libm_a-w_sqrt.o)
 .debug_aranges
                0x000000f0       0x20 /usr/lib/gcc/arm-none-eabi/15.1.0/../../../../arm-none-eabi/lib/thumb/v7e-m+fp/hard/libm.a(libm_a-s_cos.o)
 .debug_aranges
                0x00000110       0x20 /usr/lib/gcc/arm-none-eabi/15.1.0/../../../../arm-none-eabi/lib/thumb/v7e-m+fp/hard/libm.a(libm_a-s_sin.o)
 .debug_aranges
                0x00000130       0x20 /usr/lib/gcc/arm-none-eabi/15.1.0/../../../../arm-none-eabi/lib/thumb/v7e-m+fp/hard/libm.a(libm_a-s_finite.o)
 .debug_aranges
                0x00000150       0x20 /usr/lib/gcc/arm-none-eabi/15.1.0/../../../../arm-none-eabi/lib/thumb/v7e-m+fp/hard/libm.a(libm_a-e_sqrt.o)
 .debug_aranges
                0x00000170       0x20 /usr/lib/gcc/arm-none-eabi/15.1.0/../../../../arm-none-eabi/lib/thumb/v7e-m+fp/hard/libm.a(libm_a-k_cos.o)
 .debug_aranges
                0x00000190       0x20 /usr/lib/gcc/arm-none-eabi/15.1.0/../../../../arm-none-eabi/lib/thumb/v7e-m+fp/hard/libm.a(libm_a-k_sin.o)
 .debug_aranges
                0x000001b0       0x20 /usr/lib/gcc/arm-none-eabi/15.1.0/../../../../arm-none-eabi/lib/thumb/v7e-m+fp/hard/libm.a(libm_a-e_pow.o)
 .debug_aranges
                0x000001d0       0x20 /usr/lib/gcc/arm-none-eabi/15.1.0/../../../../arm-none-eabi/lib/thumb/v7e-m+fp/hard/libm.a(libm_a-e_rem_pio2.o)
 .debug_aranges
                0x000001f0       0x20 /usr/lib/gcc/arm-none-eabi/15.1.0/../../../../arm-none-eabi/lib/thumb/v7e-m+fp/hard/libm.a(libm_a-s_fabs.o)
 .debug_aranges
                0x00000210       0x20 /usr/lib/gcc/arm-none-eabi/15.1.0/../../../../arm-none-eabi/lib/thumb/v7e-m+fp/hard/libm.a(libm_a-s_scalbn.o)
 .debug_aranges
                0x00000230       0x60 /usr/lib/gcc/arm-none-eabi/15.1.0/../../../../arm-none-eabi/lib/thumb/v7e-m+fp/hard/libm.a(libm_a-math_err.o)
 .debug_aranges
                0x00000290       0x20 /usr/lib/gcc/arm-none-eabi/15.1.0/../../../../arm-none-eabi/lib/thumb/v7e-m+fp/hard/libm.a(libm_a-k_rem_pio2.o)
 .debug_aranges
                0x000002b0       0x20 /usr/lib/gcc/arm-none-eabi/15.1.0/../../../../arm-none-eabi/lib/thumb/v7e-m+fp/hard/libm.a(libm_a-s_floor.o)
 .debug_aranges
                0x000002d0       0x20 /usr/lib/gcc/arm-none-eabi/15.1.0/thumb/v7e-m+fp/hard/libgcc.a(_arm_addsubdf3.o)
 .debug_aranges
                0x000002f0       0x20 /usr/lib/gcc/arm-none-eabi/15.1.0/thumb/v7e-m+fp/hard/libgcc.a(_arm_muldivdf3.o)
 .debug_aranges
                0x00000310       0x20 /usr/lib/gcc/arm-none-eabi/15.1.0/thumb/v7e-m+fp/hard/libgcc.a(_arm_cmpdf2.o)
 .debug_aranges
                0x00000330       0x20 /usr/lib/gcc/arm-none-eabi/15.1.0/thumb/v7e-m+fp/hard/libgcc.a(_arm_unorddf2.o)
 .debug_aranges
                0x00000350       0x20 /usr/lib/gcc/arm-none-eabi/15.1.0/thumb/v7e-m+fp/hard/libgcc.a(_arm_fixdfsi.o)
 .debug_aranges
                0x00000370       0x20 /usr/lib/gcc/arm-none-eabi/15.1.0/thumb/v7e-m+fp/hard/libgcc.a(_arm_truncdfsf2.o)
 .debug_aranges
                0x00000390       0x20 /usr/lib/gcc/arm-none-eabi/15.1.0/../../../../arm-none-eabi/lib/thumb/v7e-m+fp/hard/libc_nano.a(libc_a-errno.o)

.debug_rnglists
                0x00000000      0x355
 .debug_rnglists
                0x00000000       0x7d /usr/lib/gcc/arm-none-eabi/15.1.0/../../../../arm-none-eabi/lib/thumb/v7e-m+fp/hard/libc_nano.a(libc_a-findfp.o)
 .debug_rnglists
                0x0000007d       0x13 /usr/lib/gcc/arm-none-eabi/15.1.0/../../../../arm-none-eabi/lib/thumb/v7e-m+fp/hard/libc_nano.a(libc_a-init.o)
 .debug_rnglists
                0x00000090       0x14 /usr/lib/gcc/arm-none-eabi/15.1.0/../../../../arm-none-eabi/lib/thumb/v7e-m+fp/hard/libm.a(libm_a-w_pow.o)
 .debug_rnglists
                0x000000a4       0x13 /usr/lib/gcc/arm-none-eabi/15.1.0/../../../../arm-none-eabi/lib/thumb/v7e-m+fp/hard/libm.a(libm_a-w_sqrt.o)
 .debug_rnglists
                0x000000b7       0x14 /usr/lib/gcc/arm-none-eabi/15.1.0/../../../../arm-none-eabi/lib/thumb/v7e-m+fp/hard/libm.a(libm_a-s_cos.o)
 .debug_rnglists
                0x000000cb       0x14 /usr/lib/gcc/arm-none-eabi/15.1.0/../../../../arm-none-eabi/lib/thumb/v7e-m+fp/hard/libm.a(libm_a-s_sin.o)
 .debug_rnglists
                0x000000df       0x13 /usr/lib/gcc/arm-none-eabi/15.1.0/../../../../arm-none-eabi/lib/thumb/v7e-m+fp/hard/libm.a(libm_a-s_finite.o)
 .debug_rnglists
                0x000000f2       0x20 /usr/lib/gcc/arm-none-eabi/15.1.0/../../../../arm-none-eabi/lib/thumb/v7e-m+fp/hard/libm.a(libm_a-e_sqrt.o)
 .debug_rnglists
                0x00000112       0x20 /usr/lib/gcc/arm-none-eabi/15.1.0/../../../../arm-none-eabi/lib/thumb/v7e-m+fp/hard/libm.a(libm_a-k_cos.o)
 .debug_rnglists
                0x00000132       0x14 /usr/lib/gcc/arm-none-eabi/15.1.0/../../../../arm-none-eabi/lib/thumb/v7e-m+fp/hard/libm.a(libm_a-k_sin.o)
 .debug_rnglists
                0x00000146       0xdf /usr/lib/gcc/arm-none-eabi/15.1.0/../../../../arm-none-eabi/lib/thumb/v7e-m+fp/hard/libm.a(libm_a-e_pow.o)
 .debug_rnglists
                0x00000225       0x44 /usr/lib/gcc/arm-none-eabi/15.1.0/../../../../arm-none-eabi/lib/thumb/v7e-m+fp/hard/libm.a(libm_a-e_rem_pio2.o)
 .debug_rnglists
                0x00000269       0x13 /usr/lib/gcc/arm-none-eabi/15.1.0/../../../../arm-none-eabi/lib/thumb/v7e-m+fp/hard/libm.a(libm_a-s_fabs.o)
 .debug_rnglists
                0x0000027c       0x3b /usr/lib/gcc/arm-none-eabi/15.1.0/../../../../arm-none-eabi/lib/thumb/v7e-m+fp/hard/libm.a(libm_a-s_scalbn.o)
 .debug_rnglists
                0x000002b7       0x43 /usr/lib/gcc/arm-none-eabi/15.1.0/../../../../arm-none-eabi/lib/thumb/v7e-m+fp/hard/libm.a(libm_a-math_err.o)
 .debug_rnglists
                0x000002fa       0x14 /usr/lib/gcc/arm-none-eabi/15.1.0/../../../../arm-none-eabi/lib/thumb/v7e-m+fp/hard/libm.a(libm_a-k_rem_pio2.o)
 .debug_rnglists
                0x0000030e       0x34 /usr/lib/gcc/arm-none-eabi/15.1.0/../../../../arm-none-eabi/lib/thumb/v7e-m+fp/hard/libm.a(libm_a-s_floor.o)
 .debug_rnglists
                0x00000342       0x13 /usr/lib/gcc/arm-none-eabi/15.1.0/../../../../arm-none-eabi/lib/thumb/v7e-m+fp/hard/libc_nano.a(libc_a-errno.o)

.debug_line     0x00000000     0x483d
 .debug_line    0x00000000      0x598 /usr/lib/gcc/arm-none-eabi/15.1.0/../../../../arm-none-eabi/lib/thumb/v7e-m+fp/hard/libc_nano.a(libc_a-findfp.o)
 .debug_line    0x00000598      0x112 /usr/lib/gcc/arm-none-eabi/15.1.0/../../../../arm-none-eabi/lib/thumb/v7e-m+fp/hard/libc_nano.a(libc_a-impure.o)
 .debug_line    0x000006aa       0xff /usr/lib/gcc/arm-none-eabi/15.1.0/../../../../arm-none-eabi/lib/thumb/v7e-m+fp/hard/libc_nano.a(libc_a-init.o)
 .debug_line    0x000007a9      0x239 /usr/lib/gcc/arm-none-eabi/15.1.0/../../../../arm-none-eabi/lib/thumb/v7e-m+fp/hard/libm.a(libm_a-w_pow.o)
 .debug_line    0x000009e2      0x1bb /usr/lib/gcc/arm-none-eabi/15.1.0/../../../../arm-none-eabi/lib/thumb/v7e-m+fp/hard/libm.a(libm_a-w_sqrt.o)
 .debug_line    0x00000b9d      0x238 /usr/lib/gcc/arm-none-eabi/15.1.0/../../../../arm-none-eabi/lib/thumb/v7e-m+fp/hard/libm.a(libm_a-s_cos.o)
 .debug_line    0x00000dd5      0x241 /usr/lib/gcc/arm-none-eabi/15.1.0/../../../../arm-none-eabi/lib/thumb/v7e-m+fp/hard/libm.a(libm_a-s_sin.o)
 .debug_line    0x00001016      0x182 /usr/lib/gcc/arm-none-eabi/15.1.0/../../../../arm-none-eabi/lib/thumb/v7e-m+fp/hard/libm.a(libm_a-s_finite.o)
 .debug_line    0x00001198      0x496 /usr/lib/gcc/arm-none-eabi/15.1.0/../../../../arm-none-eabi/lib/thumb/v7e-m+fp/hard/libm.a(libm_a-e_sqrt.o)
 .debug_line    0x0000162e      0x245 /usr/lib/gcc/arm-none-eabi/15.1.0/../../../../arm-none-eabi/lib/thumb/v7e-m+fp/hard/libm.a(libm_a-k_cos.o)
 .debug_line    0x00001873      0x1e4 /usr/lib/gcc/arm-none-eabi/15.1.0/../../../../arm-none-eabi/lib/thumb/v7e-m+fp/hard/libm.a(libm_a-k_sin.o)
 .debug_line    0x00001a57      0xc70 /usr/lib/gcc/arm-none-eabi/15.1.0/../../../../arm-none-eabi/lib/thumb/v7e-m+fp/hard/libm.a(libm_a-e_pow.o)
 .debug_line    0x000026c7      0x536 /usr/lib/gcc/arm-none-eabi/15.1.0/../../../../arm-none-eabi/lib/thumb/v7e-m+fp/hard/libm.a(libm_a-e_rem_pio2.o)
 .debug_line    0x00002bfd      0x1a8 /usr/lib/gcc/arm-none-eabi/15.1.0/../../../../arm-none-eabi/lib/thumb/v7e-m+fp/hard/libm.a(libm_a-s_fabs.o)
 .debug_line    0x00002da5      0x28f /usr/lib/gcc/arm-none-eabi/15.1.0/../../../../arm-none-eabi/lib/thumb/v7e-m+fp/hard/libm.a(libm_a-s_scalbn.o)
 .debug_line    0x00003034      0x373 /usr/lib/gcc/arm-none-eabi/15.1.0/../../../../arm-none-eabi/lib/thumb/v7e-m+fp/hard/libm.a(libm_a-math_err.o)
 .debug_line    0x000033a7      0xb71 /usr/lib/gcc/arm-none-eabi/15.1.0/../../../../arm-none-eabi/lib/thumb/v7e-m+fp/hard/libm.a(libm_a-k_rem_pio2.o)
 .debug_line    0x00003f18      0x329 /usr/lib/gcc/arm-none-eabi/15.1.0/../../../../arm-none-eabi/lib/thumb/v7e-m+fp/hard/libm.a(libm_a-s_floor.o)
 .debug_line    0x00004241      0x16f /usr/lib/gcc/arm-none-eabi/15.1.0/thumb/v7e-m+fp/hard/libgcc.a(_arm_addsubdf3.o)
 .debug_line    0x000043b0      0x184 /usr/lib/gcc/arm-none-eabi/15.1.0/thumb/v7e-m+fp/hard/libgcc.a(_arm_muldivdf3.o)
 .debug_line    0x00004534       0xa6 /usr/lib/gcc/arm-none-eabi/15.1.0/thumb/v7e-m+fp/hard/libgcc.a(_arm_cmpdf2.o)
 .debug_line    0x000045da       0x57 /usr/lib/gcc/arm-none-eabi/15.1.0/thumb/v7e-m+fp/hard/libgcc.a(_arm_unorddf2.o)
 .debug_line    0x00004631       0x62 /usr/lib/gcc/arm-none-eabi/15.1.0/thumb/v7e-m+fp/hard/libgcc.a(_arm_fixdfsi.o)
 .debug_line    0x00004693       0x76 /usr/lib/gcc/arm-none-eabi/15.1.0/thumb/v7e-m+fp/hard/libgcc.a(_arm_truncdfsf2.o)
 .debug_line    0x00004709      0x134 /usr/lib/gcc/arm-none-eabi/15.1.0/../../../../arm-none-eabi/lib/thumb/v7e-m+fp/hard/libc_nano.a(libc_a-errno.o)

.debug_str      0x00000000     0x113e
 .debug_str     0x00000000     0x113e /usr/lib/gcc/arm-none-eabi/15.1.0/../../../../arm-none-eabi/lib/thumb/v7e-m+fp/hard/libc_nano.a(libc_a-findfp.o)
                                0x782 (size before relaxing)
 .debug_str     0x0000113e      0x4ff /usr/lib/gcc/arm-none-eabi/15.1.0/../../../../arm-none-eabi/lib/thumb/v7e-m+fp/hard/libc_nano.a(libc_a-impure.o)
 .debug_str     0x0000113e      0x240 /usr/lib/gcc/arm-none-eabi/15.1.0/../../../../arm-none-eabi/lib/thumb/v7e-m+fp/hard/libc_nano.a(libc_a-init.o)
 .debug_str     0x0000113e      0x227 /usr/lib/gcc/arm-none-eabi/15.1.0/../../../../arm-none-eabi/lib/thumb/v7e-m+fp/hard/libm.a(libm_a-w_pow.o)
 .debug_str     0x0000113e      0x225 /usr/lib/gcc/arm-none-eabi/15.1.0/../../../../arm-none-eabi/lib/thumb/v7e-m+fp/hard/libm.a(libm_a-w_sqrt.o)
 .debug_str     0x0000113e      0x254 /usr/lib/gcc/arm-none-eabi/15.1.0/../../../../arm-none-eabi/lib/thumb/v7e-m+fp/hard/libm.a(libm_a-s_cos.o)
 .debug_str     0x0000113e      0x254 /usr/lib/gcc/arm-none-eabi/15.1.0/../../../../arm-none-eabi/lib/thumb/v7e-m+fp/hard/libm.a(libm_a-s_sin.o)
 .debug_str     0x0000113e      0x233 /usr/lib/gcc/arm-none-eabi/15.1.0/../../../../arm-none-eabi/lib/thumb/v7e-m+fp/hard/libm.a(libm_a-s_finite.o)
 .debug_str     0x0000113e      0x292 /usr/lib/gcc/arm-none-eabi/15.1.0/../../../../arm-none-eabi/lib/thumb/v7e-m+fp/hard/libm.a(libm_a-e_sqrt.o)
 .debug_str     0x0000113e      0x260 /usr/lib/gcc/arm-none-eabi/15.1.0/../../../../arm-none-eabi/lib/thumb/v7e-m+fp/hard/libm.a(libm_a-k_cos.o)
 .debug_str     0x0000113e      0x260 /usr/lib/gcc/arm-none-eabi/15.1.0/../../../../arm-none-eabi/lib/thumb/v7e-m+fp/hard/libm.a(libm_a-k_sin.o)
 .debug_str     0x0000113e      0x35f /usr/lib/gcc/arm-none-eabi/15.1.0/../../../../arm-none-eabi/lib/thumb/v7e-m+fp/hard/libm.a(libm_a-e_pow.o)
 .debug_str     0x0000113e      0x306 /usr/lib/gcc/arm-none-eabi/15.1.0/../../../../arm-none-eabi/lib/thumb/v7e-m+fp/hard/libm.a(libm_a-e_rem_pio2.o)
 .debug_str     0x0000113e      0x220 /usr/lib/gcc/arm-none-eabi/15.1.0/../../../../arm-none-eabi/lib/thumb/v7e-m+fp/hard/libm.a(libm_a-s_fabs.o)
 .debug_str     0x0000113e      0x277 /usr/lib/gcc/arm-none-eabi/15.1.0/../../../../arm-none-eabi/lib/thumb/v7e-m+fp/hard/libm.a(libm_a-s_scalbn.o)
 .debug_str     0x0000113e      0x2f7 /usr/lib/gcc/arm-none-eabi/15.1.0/../../../../arm-none-eabi/lib/thumb/v7e-m+fp/hard/libm.a(libm_a-math_err.o)
 .debug_str     0x0000113e      0x2a3 /usr/lib/gcc/arm-none-eabi/15.1.0/../../../../arm-none-eabi/lib/thumb/v7e-m+fp/hard/libm.a(libm_a-k_rem_pio2.o)
 .debug_str     0x0000113e      0x24f /usr/lib/gcc/arm-none-eabi/15.1.0/../../../../arm-none-eabi/lib/thumb/v7e-m+fp/hard/libm.a(libm_a-s_floor.o)
 .debug_str     0x0000113e      0x183 /usr/lib/gcc/arm-none-eabi/15.1.0/thumb/v7e-m+fp/hard/libgcc.a(_arm_addsubdf3.o)
 .debug_str     0x0000113e      0x103 /usr/lib/gcc/arm-none-eabi/15.1.0/thumb/v7e-m+fp/hard/libgcc.a(_arm_muldivdf3.o)
 .debug_str     0x0000113e      0x18c /usr/lib/gcc/arm-none-eabi/15.1.0/thumb/v7e-m+fp/hard/libgcc.a(_arm_cmpdf2.o)
 .debug_str     0x0000113e       0xf1 /usr/lib/gcc/arm-none-eabi/15.1.0/thumb/v7e-m+fp/hard/libgcc.a(_arm_unorddf2.o)
 .debug_str     0x0000113e       0xee /usr/lib/gcc/arm-none-eabi/15.1.0/thumb/v7e-m+fp/hard/libgcc.a(_arm_fixdfsi.o)
 .debug_str     0x0000113e       0xf0 /usr/lib/gcc/arm-none-eabi/15.1.0/thumb/v7e-m+fp/hard/libgcc.a(_arm_truncdfsf2.o)
 .debug_str     0x0000113e      0x4f9 /usr/lib/gcc/arm-none-eabi/15.1.0/../../../../arm-none-eabi/lib/thumb/v7e-m+fp/hard/libc_nano.a(libc_a-errno.o)

.debug_frame    0x00000000      0x8a0
 .debug_frame   0x00000000      0x144 /usr/lib/gcc/arm-none-eabi/15.1.0/../../../../arm-none-eabi/lib/thumb/v7e-m+fp/hard/libc_nano.a(libc_a-findfp.o)
 .debug_frame   0x00000144       0x2c /usr/lib/gcc/arm-none-eabi/15.1.0/../../../../arm-none-eabi/lib/thumb/v7e-m+fp/hard/libc_nano.a(libc_a-init.o)
 .debug_frame   0x00000170       0x44 /usr/lib/gcc/arm-none-eabi/15.1.0/../../../../arm-none-eabi/lib/thumb/v7e-m+fp/hard/libm.a(libm_a-w_pow.o)
 .debug_frame   0x000001b4       0x48 /usr/lib/gcc/arm-none-eabi/15.1.0/../../../../arm-none-eabi/lib/thumb/v7e-m+fp/hard/libm.a(libm_a-w_sqrt.o)
 .debug_frame   0x000001fc       0x40 /usr/lib/gcc/arm-none-eabi/15.1.0/../../../../arm-none-eabi/lib/thumb/v7e-m+fp/hard/libm.a(libm_a-s_cos.o)
 .debug_frame   0x0000023c       0x40 /usr/lib/gcc/arm-none-eabi/15.1.0/../../../../arm-none-eabi/lib/thumb/v7e-m+fp/hard/libm.a(libm_a-s_sin.o)
 .debug_frame   0x0000027c       0x28 /usr/lib/gcc/arm-none-eabi/15.1.0/../../../../arm-none-eabi/lib/thumb/v7e-m+fp/hard/libm.a(libm_a-s_finite.o)
 .debug_frame   0x000002a4       0x38 /usr/lib/gcc/arm-none-eabi/15.1.0/../../../../arm-none-eabi/lib/thumb/v7e-m+fp/hard/libm.a(libm_a-e_sqrt.o)
 .debug_frame   0x000002dc       0x4c /usr/lib/gcc/arm-none-eabi/15.1.0/../../../../arm-none-eabi/lib/thumb/v7e-m+fp/hard/libm.a(libm_a-k_cos.o)
 .debug_frame   0x00000328       0x48 /usr/lib/gcc/arm-none-eabi/15.1.0/../../../../arm-none-eabi/lib/thumb/v7e-m+fp/hard/libm.a(libm_a-k_sin.o)
 .debug_frame   0x00000370       0x80 /usr/lib/gcc/arm-none-eabi/15.1.0/../../../../arm-none-eabi/lib/thumb/v7e-m+fp/hard/libm.a(libm_a-e_pow.o)
 .debug_frame   0x000003f0       0x48 /usr/lib/gcc/arm-none-eabi/15.1.0/../../../../arm-none-eabi/lib/thumb/v7e-m+fp/hard/libm.a(libm_a-e_rem_pio2.o)
 .debug_frame   0x00000438       0x20 /usr/lib/gcc/arm-none-eabi/15.1.0/../../../../arm-none-eabi/lib/thumb/v7e-m+fp/hard/libm.a(libm_a-s_fabs.o)
 .debug_frame   0x00000458       0x2c /usr/lib/gcc/arm-none-eabi/15.1.0/../../../../arm-none-eabi/lib/thumb/v7e-m+fp/hard/libm.a(libm_a-s_scalbn.o)
 .debug_frame   0x00000484      0x14c /usr/lib/gcc/arm-none-eabi/15.1.0/../../../../arm-none-eabi/lib/thumb/v7e-m+fp/hard/libm.a(libm_a-math_err.o)
 .debug_frame   0x000005d0       0x58 /usr/lib/gcc/arm-none-eabi/15.1.0/../../../../arm-none-eabi/lib/thumb/v7e-m+fp/hard/libm.a(libm_a-k_rem_pio2.o)
 .debug_frame   0x00000628       0x30 /usr/lib/gcc/arm-none-eabi/15.1.0/../../../../arm-none-eabi/lib/thumb/v7e-m+fp/hard/libm.a(libm_a-s_floor.o)
 .debug_frame   0x00000658       0xac /usr/lib/gcc/arm-none-eabi/15.1.0/thumb/v7e-m+fp/hard/libgcc.a(_arm_addsubdf3.o)
 .debug_frame   0x00000704       0x50 /usr/lib/gcc/arm-none-eabi/15.1.0/thumb/v7e-m+fp/hard/libgcc.a(_arm_muldivdf3.o)
 .debug_frame   0x00000754       0xc4 /usr/lib/gcc/arm-none-eabi/15.1.0/thumb/v7e-m+fp/hard/libgcc.a(_arm_cmpdf2.o)
 .debug_frame   0x00000818       0x20 /usr/lib/gcc/arm-none-eabi/15.1.0/thumb/v7e-m+fp/hard/libgcc.a(_arm_unorddf2.o)
 .debug_frame   0x00000838       0x24 /usr/lib/gcc/arm-none-eabi/15.1.0/thumb/v7e-m+fp/hard/libgcc.a(_arm_fixdfsi.o)
 .debug_frame   0x0000085c       0x24 /usr/lib/gcc/arm-none-eabi/15.1.0/thumb/v7e-m+fp/hard/libgcc.a(_arm_truncdfsf2.o)
 .debug_frame   0x00000880       0x20 /usr/lib/gcc/arm-none-eabi/15.1.0/../../../../arm-none-eabi/lib/thumb/v7e-m+fp/hard/libc_nano.a(libc_a-errno.o)

.debug_line_str
                0x00000000       0xcb
 .debug_line_str
                0x00000000       0xcb /usr/lib/gcc/arm-none-eabi/15.1.0/thumb/v7e-m+fp/hard/libgcc.a(_arm_addsubdf3.o)
 .debug_line_str
                0x000000cb       0xcb /usr/lib/gcc/arm-none-eabi/15.1.0/thumb/v7e-m+fp/hard/libgcc.a(_arm_muldivdf3.o)
 .debug_line_str
                0x000000cb       0xcb /usr/lib/gcc/arm-none-eabi/15.1.0/thumb/v7e-m+fp/hard/libgcc.a(_arm_cmpdf2.o)
 .debug_line_str
                0x000000cb       0xcb /usr/lib/gcc/arm-none-eabi/15.1.0/thumb/v7e-m+fp/hard/libgcc.a(_arm_unorddf2.o)
 .debug_line_str
                0x000000cb       0xcb /usr/lib/gcc/arm-none-eabi/15.1.0/thumb/v7e-m+fp/hard/libgcc.a(_arm_fixdfsi.o)
 .debug_line_str
                0x000000cb       0xcb /usr/lib/gcc/arm-none-eabi/15.1.0/thumb/v7e-m+fp/hard/libgcc.a(_arm_truncdfsf2.o)
